<html>
<body>
<pre>
<h1>礦ision Build Log</h1>
<h2>Project:</h2>
C:\Users\Administrator\Desktop\马熙自平衡小车\USER\ADXL345.uvproj
Project File Date:  05/25/2015

<h2>Output:</h2>
Build target 'Target 1'
compiling main.c...
main.c(55): warning:  #550-D: variable "Accel_z" was set but never used
main.c(55): warning:  #177-D: variable "Angle_ay" was declared but never referenced
main.c(55): warning:  #177-D: variable "Angle_az" was declared but never referenced
main.c(57): warning:  #177-D: variable "PWM" was declared but never referenced
main.c(58): warning:  #177-D: variable "speed" was declared but never referenced
compiling stm32f10x_it.c...
compiling system_stm32f10x.c...
compiling led.c...
compiling key.c...
compiling lcd.c...
compiling myiic.c...
compiling adxl345.c...
compiling mpu6050.c...
compiling filter.c...
compiling pid.c...
compiling encoder.c...
compiling timer.c...
compiling remote.c...
compiling delay.c...
compiling sys.c...
..\SYSTEM\sys\sys.c(69): warning:  #1-D: last line of file ends without a newline
compiling usart.c...
compiling core_cm3.c...
assembling startup_stm32f10x_hd.s...
compiling misc.c...
compiling stm32f10x_fsmc.c...
compiling stm32f10x_gpio.c...
compiling stm32f10x_rcc.c...
compiling stm32f10x_usart.c...
linking...
Program Size: Code=25694 RO-data=3038 RW-data=224 ZI-data=1864  
FromELF: creating hex file...
"..\OBJ\ADXL345.axf" - 0 Error(s), 6 Warning(s).
Build target 'Target 1'
compiling main.c...
main.c(55): warning:  #550-D: variable "Accel_z" was set but never used
main.c(55): warning:  #177-D: variable "Angle_ay" was declared but never referenced
main.c(55): warning:  #177-D: variable "Angle_az" was declared but never referenced
main.c(57): warning:  #177-D: variable "PWM" was declared but never referenced
main.c(58): warning:  #177-D: variable "speed" was declared but never referenced
compiling stm32f10x_it.c...
compiling system_stm32f10x.c...
compiling led.c...
compiling key.c...
compiling lcd.c...
compiling myiic.c...
compiling adxl345.c...
compiling mpu6050.c...
compiling filter.c...
compiling pid.c...
compiling encoder.c...
compiling timer.c...
compiling remote.c...
compiling delay.c...
compiling sys.c...
..\SYSTEM\sys\sys.c(69): warning:  #1-D: last line of file ends without a newline
compiling usart.c...
compiling core_cm3.c...
assembling startup_stm32f10x_hd.s...
compiling misc.c...
compiling stm32f10x_fsmc.c...
compiling stm32f10x_gpio.c...
compiling stm32f10x_rcc.c...
compiling stm32f10x_usart.c...
linking...
Program Size: Code=25694 RO-data=3038 RW-data=224 ZI-data=1864  
FromELF: creating hex file...
"..\OBJ\ADXL345.axf" - 0 Error(s), 6 Warning(s).
Build target 'Target 1'
compiling main.c...
main.c(55): warning:  #550-D: variable "Accel_z" was set but never used
main.c(55): warning:  #177-D: variable "Angle_ay" was declared but never referenced
main.c(55): warning:  #177-D: variable "Angle_az" was declared but never referenced
main.c(57): warning:  #177-D: variable "PWM" was declared but never referenced
main.c(58): warning:  #177-D: variable "speed" was declared but never referenced
compiling stm32f10x_it.c...
compiling system_stm32f10x.c...
compiling led.c...
compiling key.c...
compiling lcd.c...
compiling myiic.c...
compiling adxl345.c...
compiling mpu6050.c...
compiling filter.c...
compiling pid.c...
compiling encoder.c...
compiling timer.c...
compiling remote.c...
compiling delay.c...
compiling sys.c...
..\SYSTEM\sys\sys.c(69): warning:  #1-D: last line of file ends without a newline
compiling usart.c...
compiling core_cm3.c...
assembling startup_stm32f10x_hd.s...
compiling misc.c...
compiling stm32f10x_fsmc.c...
compiling stm32f10x_gpio.c...
compiling stm32f10x_rcc.c...
compiling stm32f10x_usart.c...
linking...
Program Size: Code=25694 RO-data=3038 RW-data=224 ZI-data=1864  
FromELF: creating hex file...
"..\OBJ\ADXL345.axf" - 0 Error(s), 6 Warning(s).
Build target 'Target 1'
compiling main.c...
main.c(55): warning:  #550-D: variable "Accel_z" was set but never used
main.c(55): warning:  #177-D: variable "Angle_ay" was declared but never referenced
main.c(55): warning:  #177-D: variable "Angle_az" was declared but never referenced
main.c(57): warning:  #177-D: variable "PWM" was declared but never referenced
main.c(58): warning:  #177-D: variable "speed" was declared but never referenced
compiling stm32f10x_it.c...
compiling system_stm32f10x.c...
compiling led.c...
compiling key.c...
compiling lcd.c...
compiling myiic.c...
compiling adxl345.c...
compiling mpu6050.c...
compiling filter.c...
compiling pid.c...
compiling encoder.c...
compiling timer.c...
compiling remote.c...
compiling delay.c...
compiling sys.c...
..\SYSTEM\sys\sys.c(69): warning:  #1-D: last line of file ends without a newline
compiling usart.c...
compiling core_cm3.c...
assembling startup_stm32f10x_hd.s...
compiling misc.c...
compiling stm32f10x_fsmc.c...
compiling stm32f10x_gpio.c...
compiling stm32f10x_rcc.c...
compiling stm32f10x_usart.c...
linking...
Program Size: Code=25694 RO-data=3038 RW-data=224 ZI-data=1864  
FromELF: creating hex file...
"..\OBJ\ADXL345.axf" - 0 Error(s), 6 Warning(s).
Build target 'Target 1'
compiling main.c...
main.c(55): warning:  #550-D: variable "Accel_z" was set but never used
main.c(55): warning:  #177-D: variable "Angle_ay" was declared but never referenced
main.c(55): warning:  #177-D: variable "Angle_az" was declared but never referenced
main.c(57): warning:  #177-D: variable "PWM" was declared but never referenced
main.c(58): warning:  #177-D: variable "speed" was declared but never referenced
compiling stm32f10x_it.c...
compiling system_stm32f10x.c...
compiling led.c...
compiling key.c...
compiling lcd.c...
compiling myiic.c...
compiling adxl345.c...
compiling mpu6050.c...
compiling filter.c...
compiling pid.c...
compiling encoder.c...
compiling timer.c...
compiling remote.c...
compiling delay.c...
compiling sys.c...
..\SYSTEM\sys\sys.c(69): warning:  #1-D: last line of file ends without a newline
compiling usart.c...
compiling core_cm3.c...
assembling startup_stm32f10x_hd.s...
compiling misc.c...
compiling stm32f10x_fsmc.c...
compiling stm32f10x_gpio.c...
compiling stm32f10x_rcc.c...
compiling stm32f10x_usart.c...
linking...
Program Size: Code=25694 RO-data=3038 RW-data=224 ZI-data=1864  
FromELF: creating hex file...
"..\OBJ\ADXL345.axf" - 0 Error(s), 6 Warning(s).
Build target 'Target 1'
compiling main.c...
main.c(55): warning:  #550-D: variable "Accel_z" was set but never used
main.c(55): warning:  #177-D: variable "Angle_ay" was declared but never referenced
main.c(55): warning:  #177-D: variable "Angle_az" was declared but never referenced
main.c(57): warning:  #177-D: variable "PWM" was declared but never referenced
main.c(58): warning:  #177-D: variable "speed" was declared but never referenced
compiling stm32f10x_it.c...
compiling system_stm32f10x.c...
compiling led.c...
compiling key.c...
compiling lcd.c...
compiling myiic.c...
compiling adxl345.c...
compiling mpu6050.c...
compiling filter.c...
compiling pid.c...
compiling encoder.c...
compiling timer.c...
compiling remote.c...
compiling delay.c...
compiling sys.c...
..\SYSTEM\sys\sys.c(69): warning:  #1-D: last line of file ends without a newline
compiling usart.c...
compiling core_cm3.c...
assembling startup_stm32f10x_hd.s...
compiling misc.c...
compiling stm32f10x_fsmc.c...
compiling stm32f10x_gpio.c...
compiling stm32f10x_rcc.c...
compiling stm32f10x_usart.c...
linking...
Program Size: Code=25694 RO-data=3038 RW-data=224 ZI-data=1864  
FromELF: creating hex file...
"..\OBJ\ADXL345.axf" - 0 Error(s), 6 Warning(s).
Build target 'Target 1'
compiling main.c...
main.c(55): warning:  #550-D: variable "Accel_z" was set but never used
main.c(55): warning:  #177-D: variable "Angle_ay" was declared but never referenced
main.c(55): warning:  #177-D: variable "Angle_az" was declared but never referenced
main.c(57): warning:  #177-D: variable "PWM" was declared but never referenced
main.c(58): warning:  #177-D: variable "speed" was declared but never referenced
compiling stm32f10x_it.c...
compiling system_stm32f10x.c...
compiling led.c...
compiling key.c...
compiling lcd.c...
compiling myiic.c...
compiling adxl345.c...
compiling mpu6050.c...
compiling filter.c...
compiling pid.c...
compiling encoder.c...
compiling timer.c...
compiling remote.c...
compiling delay.c...
compiling sys.c...
..\SYSTEM\sys\sys.c(69): warning:  #1-D: last line of file ends without a newline
compiling usart.c...
compiling core_cm3.c...
assembling startup_stm32f10x_hd.s...
compiling misc.c...
compiling stm32f10x_fsmc.c...
compiling stm32f10x_gpio.c...
compiling stm32f10x_rcc.c...
compiling stm32f10x_usart.c...
linking...
Program Size: Code=25694 RO-data=3038 RW-data=224 ZI-data=1864  
FromELF: creating hex file...
"..\OBJ\ADXL345.axf" - 0 Error(s), 6 Warning(s).
Build target 'Target 1'
compiling main.c...
main.c(55): warning:  #550-D: variable "Accel_z" was set but never used
main.c(55): warning:  #177-D: variable "Angle_ay" was declared but never referenced
main.c(55): warning:  #177-D: variable "Angle_az" was declared but never referenced
main.c(57): warning:  #177-D: variable "PWM" was declared but never referenced
main.c(58): warning:  #177-D: variable "speed" was declared but never referenced
compiling stm32f10x_it.c...
compiling system_stm32f10x.c...
compiling led.c...
compiling key.c...
compiling lcd.c...
compiling myiic.c...
compiling adxl345.c...
compiling mpu6050.c...
compiling filter.c...
compiling pid.c...
compiling encoder.c...
compiling timer.c...
compiling remote.c...
compiling delay.c...
compiling sys.c...
..\SYSTEM\sys\sys.c(69): warning:  #1-D: last line of file ends without a newline
compiling usart.c...
compiling core_cm3.c...
assembling startup_stm32f10x_hd.s...
compiling misc.c...
compiling stm32f10x_fsmc.c...
compiling stm32f10x_gpio.c...
compiling stm32f10x_rcc.c...
compiling stm32f10x_usart.c...
linking...
Program Size: Code=25694 RO-data=3038 RW-data=224 ZI-data=1864  
FromELF: creating hex file...
"..\OBJ\ADXL345.axf" - 0 Error(s), 6 Warning(s).
Build target 'Target 1'
compiling main.c...
main.c(55): warning:  #550-D: variable "Accel_z" was set but never used
main.c(55): warning:  #177-D: variable "Angle_ay" was declared but never referenced
main.c(55): warning:  #177-D: variable "Angle_az" was declared but never referenced
main.c(57): warning:  #177-D: variable "PWM" was declared but never referenced
main.c(58): warning:  #177-D: variable "speed" was declared but never referenced
compiling stm32f10x_it.c...
compiling system_stm32f10x.c...
compiling led.c...
compiling key.c...
compiling lcd.c...
compiling myiic.c...
compiling adxl345.c...
compiling mpu6050.c...
compiling filter.c...
compiling pid.c...
compiling encoder.c...
compiling timer.c...
compiling remote.c...
compiling delay.c...
compiling sys.c...
..\SYSTEM\sys\sys.c(69): warning:  #1-D: last line of file ends without a newline
compiling usart.c...
compiling core_cm3.c...
assembling startup_stm32f10x_hd.s...
compiling misc.c...
compiling stm32f10x_fsmc.c...
compiling stm32f10x_gpio.c...
compiling stm32f10x_rcc.c...
compiling stm32f10x_usart.c...
linking...
Program Size: Code=25694 RO-data=3038 RW-data=224 ZI-data=1864  
FromELF: creating hex file...
"..\OBJ\ADXL345.axf" - 0 Error(s), 6 Warning(s).
Build target 'Target 1'
compiling main.c...
main.c(55): warning:  #550-D: variable "Accel_z" was set but never used
main.c(55): warning:  #177-D: variable "Angle_ay" was declared but never referenced
main.c(55): warning:  #177-D: variable "Angle_az" was declared but never referenced
main.c(57): warning:  #177-D: variable "PWM" was declared but never referenced
main.c(58): warning:  #177-D: variable "speed" was declared but never referenced
compiling stm32f10x_it.c...
compiling system_stm32f10x.c...
compiling led.c...
compiling key.c...
compiling lcd.c...
compiling myiic.c...
compiling adxl345.c...
compiling mpu6050.c...
compiling filter.c...
compiling pid.c...
compiling encoder.c...
compiling timer.c...
compiling remote.c...
compiling delay.c...
compiling sys.c...
..\SYSTEM\sys\sys.c(69): warning:  #1-D: last line of file ends without a newline
compiling usart.c...
compiling core_cm3.c...
assembling startup_stm32f10x_hd.s...
compiling misc.c...
compiling stm32f10x_fsmc.c...
compiling stm32f10x_gpio.c...
compiling stm32f10x_rcc.c...
compiling stm32f10x_usart.c...
linking...
Program Size: Code=25694 RO-data=3038 RW-data=224 ZI-data=1864  
FromELF: creating hex file...
"..\OBJ\ADXL345.axf" - 0 Error(s), 6 Warning(s).
Build target 'Target 1'
compiling main.c...
main.c(55): warning:  #550-D: variable "Accel_z" was set but never used
main.c(55): warning:  #177-D: variable "Angle_ay" was declared but never referenced
main.c(55): warning:  #177-D: variable "Angle_az" was declared but never referenced
main.c(57): warning:  #177-D: variable "PWM" was declared but never referenced
main.c(58): warning:  #177-D: variable "speed" was declared but never referenced
compiling stm32f10x_it.c...
compiling system_stm32f10x.c...
compiling led.c...
compiling key.c...
compiling lcd.c...
compiling myiic.c...
compiling adxl345.c...
compiling mpu6050.c...
compiling filter.c...
compiling pid.c...
compiling encoder.c...
compiling timer.c...
compiling remote.c...
compiling delay.c...
compiling sys.c...
..\SYSTEM\sys\sys.c(69): warning:  #1-D: last line of file ends without a newline
compiling usart.c...
compiling core_cm3.c...
assembling startup_stm32f10x_hd.s...
compiling misc.c...
compiling stm32f10x_fsmc.c...
compiling stm32f10x_gpio.c...
compiling stm32f10x_rcc.c...
compiling stm32f10x_usart.c...
linking...
Program Size: Code=25694 RO-data=3038 RW-data=224 ZI-data=1864  
FromELF: creating hex file...
"..\OBJ\ADXL345.axf" - 0 Error(s), 6 Warning(s).
Build target 'Target 1'
compiling main.c...
main.c(55): warning:  #550-D: variable "Accel_z" was set but never used
main.c(55): warning:  #177-D: variable "Angle_ay" was declared but never referenced
main.c(55): warning:  #177-D: variable "Angle_az" was declared but never referenced
main.c(57): warning:  #177-D: variable "PWM" was declared but never referenced
main.c(58): warning:  #177-D: variable "speed" was declared but never referenced
compiling stm32f10x_it.c...
compiling system_stm32f10x.c...
compiling led.c...
compiling key.c...
compiling lcd.c...
compiling myiic.c...
compiling adxl345.c...
compiling mpu6050.c...
compiling filter.c...
compiling pid.c...
compiling encoder.c...
compiling timer.c...
compiling remote.c...
compiling delay.c...
compiling sys.c...
..\SYSTEM\sys\sys.c(69): warning:  #1-D: last line of file ends without a newline
compiling usart.c...
compiling core_cm3.c...
assembling startup_stm32f10x_hd.s...
compiling misc.c...
compiling stm32f10x_fsmc.c...
compiling stm32f10x_gpio.c...
compiling stm32f10x_rcc.c...
compiling stm32f10x_usart.c...
linking...
Program Size: Code=25694 RO-data=3038 RW-data=224 ZI-data=1864  
FromELF: creating hex file...
"..\OBJ\ADXL345.axf" - 0 Error(s), 6 Warning(s).
Build target 'Target 1'
compiling main.c...
main.c(55): warning:  #550-D: variable "Accel_z" was set but never used
main.c(55): warning:  #177-D: variable "Angle_ay" was declared but never referenced
main.c(55): warning:  #177-D: variable "Angle_az" was declared but never referenced
main.c(57): warning:  #177-D: variable "PWM" was declared but never referenced
main.c(58): warning:  #177-D: variable "speed" was declared but never referenced
compiling stm32f10x_it.c...
compiling system_stm32f10x.c...
compiling led.c...
compiling key.c...
compiling lcd.c...
compiling myiic.c...
compiling adxl345.c...
compiling mpu6050.c...
compiling filter.c...
compiling pid.c...
compiling encoder.c...
compiling timer.c...
compiling remote.c...
compiling delay.c...
compiling sys.c...
..\SYSTEM\sys\sys.c(69): warning:  #1-D: last line of file ends without a newline
compiling usart.c...
compiling core_cm3.c...
assembling startup_stm32f10x_hd.s...
compiling misc.c...
compiling stm32f10x_fsmc.c...
compiling stm32f10x_gpio.c...
compiling stm32f10x_rcc.c...
compiling stm32f10x_usart.c...
linking...
Program Size: Code=25694 RO-data=3038 RW-data=224 ZI-data=1864  
FromELF: creating hex file...
"..\OBJ\ADXL345.axf" - 0 Error(s), 6 Warning(s).
Build target 'Target 1'
compiling main.c...
main.c(55): warning:  #550-D: variable "Accel_z" was set but never used
main.c(55): warning:  #177-D: variable "Angle_ay" was declared but never referenced
main.c(55): warning:  #177-D: variable "Angle_az" was declared but never referenced
main.c(57): warning:  #177-D: variable "PWM" was declared but never referenced
main.c(58): warning:  #177-D: variable "speed" was declared but never referenced
compiling stm32f10x_it.c...
compiling system_stm32f10x.c...
compiling led.c...
compiling key.c...
compiling lcd.c...
compiling myiic.c...
compiling adxl345.c...
compiling mpu6050.c...
compiling filter.c...
compiling pid.c...
compiling encoder.c...
compiling timer.c...
compiling remote.c...
compiling delay.c...
compiling sys.c...
..\SYSTEM\sys\sys.c(69): warning:  #1-D: last line of file ends without a newline
compiling usart.c...
compiling core_cm3.c...
assembling startup_stm32f10x_hd.s...
compiling misc.c...
compiling stm32f10x_fsmc.c...
compiling stm32f10x_gpio.c...
compiling stm32f10x_rcc.c...
compiling stm32f10x_usart.c...
linking...
Program Size: Code=25694 RO-data=3038 RW-data=224 ZI-data=1864  
FromELF: creating hex file...
"..\OBJ\ADXL345.axf" - 0 Error(s), 6 Warning(s).
Build target 'Target 1'
compiling main.c...
main.c(55): warning:  #550-D: variable "Accel_z" was set but never used
main.c(55): warning:  #177-D: variable "Angle_ay" was declared but never referenced
main.c(55): warning:  #177-D: variable "Angle_az" was declared but never referenced
main.c(57): warning:  #177-D: variable "PWM" was declared but never referenced
main.c(58): warning:  #177-D: variable "speed" was declared but never referenced
compiling stm32f10x_it.c...
compiling system_stm32f10x.c...
compiling led.c...
compiling key.c...
compiling lcd.c...
compiling myiic.c...
compiling adxl345.c...
compiling mpu6050.c...
compiling filter.c...
compiling pid.c...
compiling encoder.c...
compiling timer.c...
compiling remote.c...
compiling delay.c...
compiling sys.c...
..\SYSTEM\sys\sys.c(69): warning:  #1-D: last line of file ends without a newline
compiling usart.c...
compiling core_cm3.c...
assembling startup_stm32f10x_hd.s...
compiling misc.c...
compiling stm32f10x_fsmc.c...
compiling stm32f10x_gpio.c...
compiling stm32f10x_rcc.c...
compiling stm32f10x_usart.c...
linking...
Program Size: Code=25694 RO-data=3038 RW-data=224 ZI-data=1864  
FromELF: creating hex file...
"..\OBJ\ADXL345.axf" - 0 Error(s), 6 Warning(s).
Build target 'Target 1'
compiling main.c...
main.c(55): warning:  #550-D: variable "Accel_z" was set but never used
main.c(55): warning:  #177-D: variable "Angle_ay" was declared but never referenced
main.c(55): warning:  #177-D: variable "Angle_az" was declared but never referenced
main.c(57): warning:  #177-D: variable "PWM" was declared but never referenced
main.c(58): warning:  #177-D: variable "speed" was declared but never referenced
compiling stm32f10x_it.c...
compiling system_stm32f10x.c...
compiling led.c...
compiling key.c...
compiling lcd.c...
compiling myiic.c...
compiling adxl345.c...
compiling mpu6050.c...
compiling filter.c...
compiling pid.c...
compiling encoder.c...
compiling timer.c...
compiling remote.c...
compiling delay.c...
compiling sys.c...
..\SYSTEM\sys\sys.c(69): warning:  #1-D: last line of file ends without a newline
compiling usart.c...
compiling core_cm3.c...
assembling startup_stm32f10x_hd.s...
compiling misc.c...
compiling stm32f10x_fsmc.c...
compiling stm32f10x_gpio.c...
compiling stm32f10x_rcc.c...
compiling stm32f10x_usart.c...
linking...
Program Size: Code=25694 RO-data=3038 RW-data=224 ZI-data=1864  
FromELF: creating hex file...
"..\OBJ\ADXL345.axf" - 0 Error(s), 6 Warning(s).
Build target 'Target 1'
compiling main.c...
main.c(55): warning:  #550-D: variable "Accel_z" was set but never used
main.c(55): warning:  #177-D: variable "Angle_ay" was declared but never referenced
main.c(55): warning:  #177-D: variable "Angle_az" was declared but never referenced
main.c(57): warning:  #177-D: variable "PWM" was declared but never referenced
main.c(58): warning:  #177-D: variable "speed" was declared but never referenced
compiling stm32f10x_it.c...
compiling system_stm32f10x.c...
compiling led.c...
compiling key.c...
compiling lcd.c...
compiling myiic.c...
compiling adxl345.c...
compiling mpu6050.c...
compiling filter.c...
compiling pid.c...
compiling encoder.c...
compiling timer.c...
compiling remote.c...
compiling delay.c...
compiling sys.c...
..\SYSTEM\sys\sys.c(69): warning:  #1-D: last line of file ends without a newline
compiling usart.c...
compiling core_cm3.c...
assembling startup_stm32f10x_hd.s...
compiling misc.c...
compiling stm32f10x_fsmc.c...
compiling stm32f10x_gpio.c...
compiling stm32f10x_rcc.c...
compiling stm32f10x_usart.c...
linking...
Program Size: Code=25694 RO-data=3038 RW-data=224 ZI-data=1864  
FromELF: creating hex file...
"..\OBJ\ADXL345.axf" - 0 Error(s), 6 Warning(s).
Build target 'Target 1'
compiling main.c...
main.c(55): warning:  #550-D: variable "Accel_z" was set but never used
main.c(55): warning:  #177-D: variable "Angle_ay" was declared but never referenced
main.c(55): warning:  #177-D: variable "Angle_az" was declared but never referenced
main.c(57): warning:  #177-D: variable "PWM" was declared but never referenced
main.c(58): warning:  #177-D: variable "speed" was declared but never referenced
compiling stm32f10x_it.c...
compiling system_stm32f10x.c...
compiling led.c...
compiling key.c...
compiling lcd.c...
compiling myiic.c...
compiling adxl345.c...
compiling mpu6050.c...
compiling filter.c...
compiling pid.c...
compiling encoder.c...
compiling timer.c...
compiling remote.c...
compiling delay.c...
compiling sys.c...
..\SYSTEM\sys\sys.c(69): warning:  #1-D: last line of file ends without a newline
compiling usart.c...
compiling core_cm3.c...
assembling startup_stm32f10x_hd.s...
compiling misc.c...
compiling stm32f10x_fsmc.c...
compiling stm32f10x_gpio.c...
compiling stm32f10x_rcc.c...
compiling stm32f10x_usart.c...
linking...
Program Size: Code=25694 RO-data=3038 RW-data=224 ZI-data=1864  
FromELF: creating hex file...
"..\OBJ\ADXL345.axf" - 0 Error(s), 6 Warning(s).
Build target 'Target 1'
compiling main.c...
main.c(55): warning:  #550-D: variable "Accel_z" was set but never used
main.c(55): warning:  #177-D: variable "Angle_ay" was declared but never referenced
main.c(55): warning:  #177-D: variable "Angle_az" was declared but never referenced
main.c(57): warning:  #177-D: variable "PWM" was declared but never referenced
main.c(58): warning:  #177-D: variable "speed" was declared but never referenced
compiling stm32f10x_it.c...
compiling system_stm32f10x.c...
compiling led.c...
compiling key.c...
compiling lcd.c...
compiling myiic.c...
compiling adxl345.c...
compiling mpu6050.c...
compiling filter.c...
compiling pid.c...
compiling encoder.c...
compiling timer.c...
compiling remote.c...
compiling delay.c...
compiling sys.c...
..\SYSTEM\sys\sys.c(69): warning:  #1-D: last line of file ends without a newline
compiling usart.c...
compiling core_cm3.c...
assembling startup_stm32f10x_hd.s...
compiling misc.c...
compiling stm32f10x_fsmc.c...
compiling stm32f10x_gpio.c...
compiling stm32f10x_rcc.c...
compiling stm32f10x_usart.c...
linking...
Program Size: Code=25694 RO-data=3038 RW-data=224 ZI-data=1864  
FromELF: creating hex file...
"..\OBJ\ADXL345.axf" - 0 Error(s), 6 Warning(s).
Build target 'Target 1'
compiling main.c...
main.c(55): warning:  #550-D: variable "Accel_z" was set but never used
main.c(55): warning:  #177-D: variable "Angle_ay" was declared but never referenced
main.c(55): warning:  #177-D: variable "Angle_az" was declared but never referenced
main.c(57): warning:  #177-D: variable "PWM" was declared but never referenced
main.c(58): warning:  #177-D: variable "speed" was declared but never referenced
compiling stm32f10x_it.c...
compiling system_stm32f10x.c...
compiling led.c...
compiling key.c...
compiling lcd.c...
compiling myiic.c...
compiling adxl345.c...
compiling mpu6050.c...
compiling filter.c...
compiling pid.c...
compiling encoder.c...
compiling timer.c...
compiling remote.c...
compiling delay.c...
compiling sys.c...
..\SYSTEM\sys\sys.c(69): warning:  #1-D: last line of file ends without a newline
compiling usart.c...
compiling core_cm3.c...
assembling startup_stm32f10x_hd.s...
compiling misc.c...
compiling stm32f10x_fsmc.c...
compiling stm32f10x_gpio.c...
compiling stm32f10x_rcc.c...
compiling stm32f10x_usart.c...
linking...
Program Size: Code=25694 RO-data=3038 RW-data=224 ZI-data=1864  
FromELF: creating hex file...
"..\OBJ\ADXL345.axf" - 0 Error(s), 6 Warning(s).
Build target 'Target 1'
compiling main.c...
main.c(55): warning:  #550-D: variable "Accel_z" was set but never used
main.c(55): warning:  #177-D: variable "Angle_ay" was declared but never referenced
main.c(55): warning:  #177-D: variable "Angle_az" was declared but never referenced
main.c(57): warning:  #177-D: variable "PWM" was declared but never referenced
main.c(58): warning:  #177-D: variable "speed" was declared but never referenced
compiling stm32f10x_it.c...
compiling system_stm32f10x.c...
compiling led.c...
compiling key.c...
compiling lcd.c...
compiling myiic.c...
compiling adxl345.c...
compiling mpu6050.c...
compiling filter.c...
compiling pid.c...
compiling encoder.c...
compiling timer.c...
compiling remote.c...
compiling delay.c...
compiling sys.c...
..\SYSTEM\sys\sys.c(69): warning:  #1-D: last line of file ends without a newline
compiling usart.c...
compiling core_cm3.c...
assembling startup_stm32f10x_hd.s...
compiling misc.c...
compiling stm32f10x_fsmc.c...
compiling stm32f10x_gpio.c...
compiling stm32f10x_rcc.c...
compiling stm32f10x_usart.c...
linking...
Program Size: Code=25694 RO-data=3038 RW-data=224 ZI-data=1864  
FromELF: creating hex file...
"..\OBJ\ADXL345.axf" - 0 Error(s), 6 Warning(s).
Build target 'Target 1'
compiling main.c...
main.c(55): warning:  #550-D: variable "Accel_z" was set but never used
main.c(55): warning:  #177-D: variable "Angle_ay" was declared but never referenced
main.c(55): warning:  #177-D: variable "Angle_az" was declared but never referenced
main.c(57): warning:  #177-D: variable "PWM" was declared but never referenced
main.c(58): warning:  #177-D: variable "speed" was declared but never referenced
compiling stm32f10x_it.c...
compiling system_stm32f10x.c...
compiling led.c...
compiling key.c...
compiling lcd.c...
compiling myiic.c...
compiling adxl345.c...
compiling mpu6050.c...
compiling filter.c...
compiling pid.c...
compiling encoder.c...
compiling timer.c...
compiling remote.c...
compiling delay.c...
compiling sys.c...
..\SYSTEM\sys\sys.c(69): warning:  #1-D: last line of file ends without a newline
compiling usart.c...
compiling core_cm3.c...
assembling startup_stm32f10x_hd.s...
compiling misc.c...
compiling stm32f10x_fsmc.c...
compiling stm32f10x_gpio.c...
compiling stm32f10x_rcc.c...
compiling stm32f10x_usart.c...
linking...
Program Size: Code=25694 RO-data=3038 RW-data=224 ZI-data=1864  
FromELF: creating hex file...
"..\OBJ\ADXL345.axf" - 0 Error(s), 6 Warning(s).
Build target 'Target 1'
compiling main.c...
main.c(55): warning:  #550-D: variable "Accel_z" was set but never used
main.c(55): warning:  #177-D: variable "Angle_ay" was declared but never referenced
main.c(55): warning:  #177-D: variable "Angle_az" was declared but never referenced
main.c(57): warning:  #177-D: variable "PWM" was declared but never referenced
main.c(58): warning:  #177-D: variable "speed" was declared but never referenced
compiling stm32f10x_it.c...
compiling system_stm32f10x.c...
compiling led.c...
compiling key.c...
compiling lcd.c...
compiling myiic.c...
compiling adxl345.c...
compiling mpu6050.c...
compiling filter.c...
compiling pid.c...
compiling encoder.c...
compiling timer.c...
compiling remote.c...
compiling delay.c...
compiling sys.c...
..\SYSTEM\sys\sys.c(69): warning:  #1-D: last line of file ends without a newline
compiling usart.c...
compiling core_cm3.c...
assembling startup_stm32f10x_hd.s...
compiling misc.c...
compiling stm32f10x_fsmc.c...
compiling stm32f10x_gpio.c...
compiling stm32f10x_rcc.c...
compiling stm32f10x_usart.c...
linking...
Program Size: Code=25694 RO-data=3038 RW-data=224 ZI-data=1864  
FromELF: creating hex file...
"..\OBJ\ADXL345.axf" - 0 Error(s), 6 Warning(s).
Build target 'Target 1'
compiling main.c...
main.c(55): warning:  #550-D: variable "Accel_z" was set but never used
main.c(55): warning:  #177-D: variable "Angle_ay" was declared but never referenced
main.c(55): warning:  #177-D: variable "Angle_az" was declared but never referenced
main.c(57): warning:  #177-D: variable "PWM" was declared but never referenced
main.c(58): warning:  #177-D: variable "speed" was declared but never referenced
compiling stm32f10x_it.c...
compiling system_stm32f10x.c...
compiling led.c...
compiling key.c...
compiling lcd.c...
compiling myiic.c...
compiling adxl345.c...
compiling mpu6050.c...
compiling filter.c...
compiling pid.c...
compiling encoder.c...
compiling timer.c...
compiling remote.c...
compiling delay.c...
compiling sys.c...
..\SYSTEM\sys\sys.c(69): warning:  #1-D: last line of file ends without a newline
compiling usart.c...
compiling core_cm3.c...
assembling startup_stm32f10x_hd.s...
compiling misc.c...
compiling stm32f10x_fsmc.c...
compiling stm32f10x_gpio.c...
compiling stm32f10x_rcc.c...
compiling stm32f10x_usart.c...
linking...
Program Size: Code=25694 RO-data=3038 RW-data=224 ZI-data=1864  
FromELF: creating hex file...
"..\OBJ\ADXL345.axf" - 0 Error(s), 6 Warning(s).
Build target 'Target 1'
compiling main.c...
main.c(55): warning:  #550-D: variable "Accel_z" was set but never used
main.c(55): warning:  #177-D: variable "Angle_ay" was declared but never referenced
main.c(55): warning:  #177-D: variable "Angle_az" was declared but never referenced
main.c(57): warning:  #177-D: variable "PWM" was declared but never referenced
main.c(58): warning:  #177-D: variable "speed" was declared but never referenced
compiling stm32f10x_it.c...
compiling system_stm32f10x.c...
compiling led.c...
compiling key.c...
compiling lcd.c...
compiling myiic.c...
compiling adxl345.c...
compiling mpu6050.c...
compiling filter.c...
compiling pid.c...
compiling encoder.c...
compiling timer.c...
compiling remote.c...
compiling delay.c...
compiling sys.c...
..\SYSTEM\sys\sys.c(69): warning:  #1-D: last line of file ends without a newline
compiling usart.c...
compiling core_cm3.c...
assembling startup_stm32f10x_hd.s...
compiling misc.c...
compiling stm32f10x_fsmc.c...
compiling stm32f10x_gpio.c...
compiling stm32f10x_rcc.c...
compiling stm32f10x_usart.c...
linking...
Program Size: Code=25694 RO-data=3038 RW-data=224 ZI-data=1864  
FromELF: creating hex file...
"..\OBJ\ADXL345.axf" - 0 Error(s), 6 Warning(s).
Build target 'Target 1'
compiling main.c...
main.c(55): warning:  #550-D: variable "Accel_z" was set but never used
main.c(55): warning:  #177-D: variable "Angle_ay" was declared but never referenced
main.c(55): warning:  #177-D: variable "Angle_az" was declared but never referenced
main.c(57): warning:  #177-D: variable "PWM" was declared but never referenced
main.c(58): warning:  #177-D: variable "speed" was declared but never referenced
compiling stm32f10x_it.c...
compiling system_stm32f10x.c...
compiling led.c...
compiling key.c...
compiling lcd.c...
compiling myiic.c...
compiling adxl345.c...
compiling mpu6050.c...
compiling filter.c...
compiling pid.c...
compiling encoder.c...
compiling timer.c...
compiling remote.c...
compiling delay.c...
compiling sys.c...
..\SYSTEM\sys\sys.c(69): warning:  #1-D: last line of file ends without a newline
compiling usart.c...
compiling core_cm3.c...
assembling startup_stm32f10x_hd.s...
compiling misc.c...
compiling stm32f10x_fsmc.c...
compiling stm32f10x_gpio.c...
compiling stm32f10x_rcc.c...
compiling stm32f10x_usart.c...
linking...
Program Size: Code=25694 RO-data=3038 RW-data=224 ZI-data=1864  
FromELF: creating hex file...
"..\OBJ\ADXL345.axf" - 0 Error(s), 6 Warning(s).
Build target 'Target 1'
compiling main.c...
main.c(55): warning:  #550-D: variable "Accel_z" was set but never used
main.c(55): warning:  #177-D: variable "Angle_ay" was declared but never referenced
main.c(55): warning:  #177-D: variable "Angle_az" was declared but never referenced
main.c(57): warning:  #177-D: variable "PWM" was declared but never referenced
main.c(58): warning:  #177-D: variable "speed" was declared but never referenced
compiling stm32f10x_it.c...
compiling system_stm32f10x.c...
compiling led.c...
compiling key.c...
compiling lcd.c...
compiling myiic.c...
compiling adxl345.c...
compiling mpu6050.c...
compiling filter.c...
compiling pid.c...
compiling encoder.c...
compiling timer.c...
compiling remote.c...
compiling delay.c...
compiling sys.c...
..\SYSTEM\sys\sys.c(69): warning:  #1-D: last line of file ends without a newline
compiling usart.c...
compiling core_cm3.c...
assembling startup_stm32f10x_hd.s...
compiling misc.c...
compiling stm32f10x_fsmc.c...
compiling stm32f10x_gpio.c...
compiling stm32f10x_rcc.c...
compiling stm32f10x_usart.c...
linking...
Program Size: Code=25694 RO-data=3038 RW-data=224 ZI-data=1864  
FromELF: creating hex file...
"..\OBJ\ADXL345.axf" - 0 Error(s), 6 Warning(s).
Build target 'Target 1'
compiling main.c...
main.c(55): warning:  #550-D: variable "Accel_z" was set but never used
main.c(55): warning:  #177-D: variable "Angle_ay" was declared but never referenced
main.c(55): warning:  #177-D: variable "Angle_az" was declared but never referenced
main.c(57): warning:  #177-D: variable "PWM" was declared but never referenced
main.c(58): warning:  #177-D: variable "speed" was declared but never referenced
compiling stm32f10x_it.c...
compiling system_stm32f10x.c...
compiling led.c...
compiling key.c...
compiling lcd.c...
compiling myiic.c...
compiling adxl345.c...
compiling mpu6050.c...
compiling filter.c...
compiling pid.c...
compiling encoder.c...
compiling timer.c...
compiling remote.c...
compiling delay.c...
compiling sys.c...
..\SYSTEM\sys\sys.c(69): warning:  #1-D: last line of file ends without a newline
compiling usart.c...
compiling core_cm3.c...
assembling startup_stm32f10x_hd.s...
compiling misc.c...
compiling stm32f10x_fsmc.c...
compiling stm32f10x_gpio.c...
compiling stm32f10x_rcc.c...
compiling stm32f10x_usart.c...
linking...
Program Size: Code=25694 RO-data=3038 RW-data=224 ZI-data=1864  
FromELF: creating hex file...
"..\OBJ\ADXL345.axf" - 0 Error(s), 6 Warning(s).
Build target 'Target 1'
compiling main.c...
main.c(55): warning:  #550-D: variable "Accel_z" was set but never used
main.c(55): warning:  #177-D: variable "Angle_ay" was declared but never referenced
main.c(55): warning:  #177-D: variable "Angle_az" was declared but never referenced
main.c(57): warning:  #177-D: variable "PWM" was declared but never referenced
main.c(58): warning:  #177-D: variable "speed" was declared but never referenced
compiling stm32f10x_it.c...
compiling system_stm32f10x.c...
compiling led.c...
compiling key.c...
compiling lcd.c...
compiling myiic.c...
compiling adxl345.c...
compiling mpu6050.c...
compiling filter.c...
compiling pid.c...
compiling encoder.c...
compiling timer.c...
compiling remote.c...
compiling delay.c...
compiling sys.c...
..\SYSTEM\sys\sys.c(69): warning:  #1-D: last line of file ends without a newline
compiling usart.c...
compiling core_cm3.c...
assembling startup_stm32f10x_hd.s...
compiling misc.c...
compiling stm32f10x_fsmc.c...
compiling stm32f10x_gpio.c...
compiling stm32f10x_rcc.c...
compiling stm32f10x_usart.c...
linking...
Program Size: Code=25694 RO-data=3038 RW-data=224 ZI-data=1864  
FromELF: creating hex file...
"..\OBJ\ADXL345.axf" - 0 Error(s), 6 Warning(s).
Build target 'Target 1'
compiling main.c...
main.c(55): warning:  #550-D: variable "Accel_z" was set but never used
main.c(55): warning:  #177-D: variable "Angle_ay" was declared but never referenced
main.c(55): warning:  #177-D: variable "Angle_az" was declared but never referenced
main.c(57): warning:  #177-D: variable "PWM" was declared but never referenced
main.c(58): warning:  #177-D: variable "speed" was declared but never referenced
compiling stm32f10x_it.c...
compiling system_stm32f10x.c...
compiling led.c...
compiling key.c...
compiling lcd.c...
compiling myiic.c...
compiling adxl345.c...
compiling mpu6050.c...
compiling filter.c...
compiling pid.c...
compiling encoder.c...
compiling timer.c...
compiling remote.c...
compiling delay.c...
compiling sys.c...
..\SYSTEM\sys\sys.c(69): warning:  #1-D: last line of file ends without a newline
compiling usart.c...
compiling core_cm3.c...
assembling startup_stm32f10x_hd.s...
compiling misc.c...
compiling stm32f10x_fsmc.c...
compiling stm32f10x_gpio.c...
compiling stm32f10x_rcc.c...
compiling stm32f10x_usart.c...
linking...
Program Size: Code=25694 RO-data=3038 RW-data=224 ZI-data=1864  
FromELF: creating hex file...
"..\OBJ\ADXL345.axf" - 0 Error(s), 6 Warning(s).
Build target 'Target 1'
compiling main.c...
main.c(55): warning:  #550-D: variable "Accel_z" was set but never used
main.c(55): warning:  #177-D: variable "Angle_ay" was declared but never referenced
main.c(55): warning:  #177-D: variable "Angle_az" was declared but never referenced
main.c(57): warning:  #177-D: variable "PWM" was declared but never referenced
main.c(58): warning:  #177-D: variable "speed" was declared but never referenced
compiling stm32f10x_it.c...
compiling system_stm32f10x.c...
compiling led.c...
compiling key.c...
compiling lcd.c...
compiling myiic.c...
compiling adxl345.c...
compiling mpu6050.c...
compiling filter.c...
compiling pid.c...
compiling encoder.c...
compiling timer.c...
compiling remote.c...
compiling delay.c...
compiling sys.c...
..\SYSTEM\sys\sys.c(69): warning:  #1-D: last line of file ends without a newline
compiling usart.c...
compiling core_cm3.c...
assembling startup_stm32f10x_hd.s...
compiling misc.c...
compiling stm32f10x_fsmc.c...
compiling stm32f10x_gpio.c...
compiling stm32f10x_rcc.c...
compiling stm32f10x_usart.c...
linking...
Program Size: Code=25694 RO-data=3038 RW-data=224 ZI-data=1864  
FromELF: creating hex file...
"..\OBJ\ADXL345.axf" - 0 Error(s), 6 Warning(s).
Build target 'Target 1'
compiling main.c...
main.c(55): warning:  #550-D: variable "Accel_z" was set but never used
main.c(55): warning:  #177-D: variable "Angle_ay" was declared but never referenced
main.c(55): warning:  #177-D: variable "Angle_az" was declared but never referenced
main.c(57): warning:  #177-D: variable "PWM" was declared but never referenced
main.c(58): warning:  #177-D: variable "speed" was declared but never referenced
compiling stm32f10x_it.c...
compiling system_stm32f10x.c...
compiling led.c...
compiling key.c...
compiling lcd.c...
compiling myiic.c...
compiling adxl345.c...
compiling mpu6050.c...
compiling filter.c...
compiling pid.c...
compiling encoder.c...
compiling timer.c...
compiling remote.c...
compiling delay.c...
compiling sys.c...
..\SYSTEM\sys\sys.c(69): warning:  #1-D: last line of file ends without a newline
compiling usart.c...
compiling core_cm3.c...
assembling startup_stm32f10x_hd.s...
compiling misc.c...
compiling stm32f10x_fsmc.c...
compiling stm32f10x_gpio.c...
compiling stm32f10x_rcc.c...
compiling stm32f10x_usart.c...
linking...
Program Size: Code=25694 RO-data=3038 RW-data=224 ZI-data=1864  
FromELF: creating hex file...
"..\OBJ\ADXL345.axf" - 0 Error(s), 6 Warning(s).
Build target 'Target 1'
compiling main.c...
main.c(55): warning:  #550-D: variable "Accel_z" was set but never used
main.c(55): warning:  #177-D: variable "Angle_ay" was declared but never referenced
main.c(55): warning:  #177-D: variable "Angle_az" was declared but never referenced
main.c(57): warning:  #177-D: variable "PWM" was declared but never referenced
main.c(58): warning:  #177-D: variable "speed" was declared but never referenced
compiling stm32f10x_it.c...
compiling system_stm32f10x.c...
compiling led.c...
compiling key.c...
compiling lcd.c...
compiling myiic.c...
compiling adxl345.c...
compiling mpu6050.c...
compiling filter.c...
compiling pid.c...
compiling encoder.c...
compiling timer.c...
compiling remote.c...
compiling delay.c...
compiling sys.c...
..\SYSTEM\sys\sys.c(69): warning:  #1-D: last line of file ends without a newline
compiling usart.c...
compiling core_cm3.c...
assembling startup_stm32f10x_hd.s...
compiling misc.c...
compiling stm32f10x_fsmc.c...
compiling stm32f10x_gpio.c...
compiling stm32f10x_rcc.c...
compiling stm32f10x_usart.c...
linking...
Program Size: Code=25694 RO-data=3038 RW-data=224 ZI-data=1864  
FromELF: creating hex file...
"..\OBJ\ADXL345.axf" - 0 Error(s), 6 Warning(s).
Build target 'Target 1'
compiling main.c...
main.c(55): warning:  #550-D: variable "Accel_z" was set but never used
main.c(55): warning:  #177-D: variable "Angle_ay" was declared but never referenced
main.c(55): warning:  #177-D: variable "Angle_az" was declared but never referenced
main.c(57): warning:  #177-D: variable "PWM" was declared but never referenced
main.c(58): warning:  #177-D: variable "speed" was declared but never referenced
compiling stm32f10x_it.c...
compiling system_stm32f10x.c...
compiling led.c...
compiling key.c...
compiling lcd.c...
compiling myiic.c...
compiling adxl345.c...
compiling mpu6050.c...
compiling filter.c...
compiling pid.c...
compiling encoder.c...
compiling timer.c...
compiling remote.c...
compiling delay.c...
compiling sys.c...
..\SYSTEM\sys\sys.c(69): warning:  #1-D: last line of file ends without a newline
compiling usart.c...
compiling core_cm3.c...
assembling startup_stm32f10x_hd.s...
compiling misc.c...
compiling stm32f10x_fsmc.c...
compiling stm32f10x_gpio.c...
compiling stm32f10x_rcc.c...
compiling stm32f10x_usart.c...
linking...
Program Size: Code=25694 RO-data=3038 RW-data=224 ZI-data=1864  
FromELF: creating hex file...
"..\OBJ\ADXL345.axf" - 0 Error(s), 6 Warning(s).
Build target 'Target 1'
compiling main.c...
main.c(55): warning:  #550-D: variable "Accel_z" was set but never used
main.c(55): warning:  #177-D: variable "Angle_ay" was declared but never referenced
main.c(55): warning:  #177-D: variable "Angle_az" was declared but never referenced
main.c(57): warning:  #177-D: variable "PWM" was declared but never referenced
main.c(58): warning:  #177-D: variable "speed" was declared but never referenced
compiling stm32f10x_it.c...
compiling system_stm32f10x.c...
compiling led.c...
compiling key.c...
compiling lcd.c...
compiling myiic.c...
compiling adxl345.c...
compiling mpu6050.c...
compiling filter.c...
compiling pid.c...
compiling encoder.c...
compiling timer.c...
compiling remote.c...
compiling delay.c...
compiling sys.c...
..\SYSTEM\sys\sys.c(69): warning:  #1-D: last line of file ends without a newline
compiling usart.c...
compiling core_cm3.c...
assembling startup_stm32f10x_hd.s...
compiling misc.c...
compiling stm32f10x_fsmc.c...
compiling stm32f10x_gpio.c...
compiling stm32f10x_rcc.c...
compiling stm32f10x_usart.c...
linking...
Program Size: Code=25730 RO-data=3038 RW-data=224 ZI-data=1864  
FromELF: creating hex file...
"..\OBJ\ADXL345.axf" - 0 Error(s), 6 Warning(s).
Build target 'Target 1'
compiling main.c...
main.c(55): warning:  #550-D: variable "Accel_z" was set but never used
main.c(55): warning:  #177-D: variable "Angle_ay" was declared but never referenced
main.c(55): warning:  #177-D: variable "Angle_az" was declared but never referenced
main.c(57): warning:  #177-D: variable "PWM" was declared but never referenced
main.c(58): warning:  #177-D: variable "speed" was declared but never referenced
compiling stm32f10x_it.c...
compiling system_stm32f10x.c...
compiling led.c...
compiling key.c...
compiling lcd.c...
compiling myiic.c...
compiling adxl345.c...
compiling mpu6050.c...
compiling filter.c...
compiling pid.c...
compiling encoder.c...
compiling timer.c...
compiling remote.c...
compiling delay.c...
compiling sys.c...
..\SYSTEM\sys\sys.c(69): warning:  #1-D: last line of file ends without a newline
compiling usart.c...
compiling core_cm3.c...
assembling startup_stm32f10x_hd.s...
compiling misc.c...
compiling stm32f10x_fsmc.c...
compiling stm32f10x_gpio.c...
compiling stm32f10x_rcc.c...
compiling stm32f10x_usart.c...
linking...
Program Size: Code=25730 RO-data=3038 RW-data=224 ZI-data=1864  
FromELF: creating hex file...
"..\OBJ\ADXL345.axf" - 0 Error(s), 6 Warning(s).
Build target 'Target 1'
compiling main.c...
main.c(55): warning:  #550-D: variable "Accel_z" was set but never used
main.c(55): warning:  #177-D: variable "Angle_ay" was declared but never referenced
main.c(55): warning:  #177-D: variable "Angle_az" was declared but never referenced
main.c(57): warning:  #177-D: variable "PWM" was declared but never referenced
main.c(58): warning:  #177-D: variable "speed" was declared but never referenced
compiling stm32f10x_it.c...
compiling system_stm32f10x.c...
compiling led.c...
compiling key.c...
compiling lcd.c...
compiling myiic.c...
compiling adxl345.c...
compiling mpu6050.c...
compiling filter.c...
compiling pid.c...
compiling encoder.c...
compiling timer.c...
compiling remote.c...
compiling delay.c...
compiling sys.c...
..\SYSTEM\sys\sys.c(69): warning:  #1-D: last line of file ends without a newline
compiling usart.c...
compiling core_cm3.c...
assembling startup_stm32f10x_hd.s...
compiling misc.c...
compiling stm32f10x_fsmc.c...
compiling stm32f10x_gpio.c...
compiling stm32f10x_rcc.c...
compiling stm32f10x_usart.c...
linking...
Program Size: Code=25722 RO-data=3038 RW-data=224 ZI-data=1864  
FromELF: creating hex file...
"..\OBJ\ADXL345.axf" - 0 Error(s), 6 Warning(s).
Build target 'Target 1'
compiling main.c...
main.c(55): warning:  #550-D: variable "Accel_z" was set but never used
main.c(55): warning:  #177-D: variable "Angle_ay" was declared but never referenced
main.c(55): warning:  #177-D: variable "Angle_az" was declared but never referenced
main.c(57): warning:  #177-D: variable "PWM" was declared but never referenced
main.c(58): warning:  #177-D: variable "speed" was declared but never referenced
compiling stm32f10x_it.c...
compiling system_stm32f10x.c...
compiling led.c...
compiling key.c...
compiling lcd.c...
compiling myiic.c...
compiling adxl345.c...
compiling mpu6050.c...
compiling filter.c...
compiling pid.c...
compiling encoder.c...
compiling timer.c...
compiling remote.c...
compiling delay.c...
compiling sys.c...
..\SYSTEM\sys\sys.c(69): warning:  #1-D: last line of file ends without a newline
compiling usart.c...
compiling core_cm3.c...
assembling startup_stm32f10x_hd.s...
compiling misc.c...
compiling stm32f10x_fsmc.c...
compiling stm32f10x_gpio.c...
compiling stm32f10x_rcc.c...
compiling stm32f10x_usart.c...
linking...
Program Size: Code=25722 RO-data=3038 RW-data=224 ZI-data=1864  
FromELF: creating hex file...
"..\OBJ\ADXL345.axf" - 0 Error(s), 6 Warning(s).
Build target 'Target 1'
compiling main.c...
main.c(55): warning:  #550-D: variable "Accel_z" was set but never used
main.c(55): warning:  #177-D: variable "Angle_ay" was declared but never referenced
main.c(55): warning:  #177-D: variable "Angle_az" was declared but never referenced
main.c(57): warning:  #177-D: variable "PWM" was declared but never referenced
main.c(58): warning:  #177-D: variable "speed" was declared but never referenced
compiling stm32f10x_it.c...
compiling system_stm32f10x.c...
compiling led.c...
compiling key.c...
compiling lcd.c...
compiling myiic.c...
compiling adxl345.c...
compiling mpu6050.c...
compiling filter.c...
compiling pid.c...
compiling encoder.c...
compiling timer.c...
compiling remote.c...
compiling delay.c...
compiling sys.c...
..\SYSTEM\sys\sys.c(69): warning:  #1-D: last line of file ends without a newline
compiling usart.c...
compiling core_cm3.c...
assembling startup_stm32f10x_hd.s...
compiling misc.c...
compiling stm32f10x_fsmc.c...
compiling stm32f10x_gpio.c...
compiling stm32f10x_rcc.c...
compiling stm32f10x_usart.c...
linking...
Program Size: Code=25694 RO-data=3038 RW-data=224 ZI-data=1864  
FromELF: creating hex file...
"..\OBJ\ADXL345.axf" - 0 Error(s), 6 Warning(s).
Build target 'Target 1'
compiling main.c...
main.c(55): warning:  #550-D: variable "Accel_z" was set but never used
main.c(55): warning:  #177-D: variable "Angle_ay" was declared but never referenced
main.c(55): warning:  #177-D: variable "Angle_az" was declared but never referenced
main.c(57): warning:  #177-D: variable "PWM" was declared but never referenced
main.c(58): warning:  #177-D: variable "speed" was declared but never referenced
compiling stm32f10x_it.c...
compiling system_stm32f10x.c...
compiling led.c...
compiling key.c...
compiling lcd.c...
compiling myiic.c...
compiling adxl345.c...
compiling mpu6050.c...
compiling filter.c...
compiling pid.c...
compiling encoder.c...
compiling timer.c...
compiling remote.c...
compiling delay.c...
compiling sys.c...
..\SYSTEM\sys\sys.c(69): warning:  #1-D: last line of file ends without a newline
compiling usart.c...
compiling core_cm3.c...
assembling startup_stm32f10x_hd.s...
compiling misc.c...
compiling stm32f10x_fsmc.c...
compiling stm32f10x_gpio.c...
compiling stm32f10x_rcc.c...
compiling stm32f10x_usart.c...
linking...
Program Size: Code=25722 RO-data=3038 RW-data=224 ZI-data=1864  
FromELF: creating hex file...
"..\OBJ\ADXL345.axf" - 0 Error(s), 6 Warning(s).
Build target 'Target 1'
compiling main.c...
main.c(55): warning:  #550-D: variable "Accel_z" was set but never used
main.c(55): warning:  #177-D: variable "Angle_ay" was declared but never referenced
main.c(55): warning:  #177-D: variable "Angle_az" was declared but never referenced
main.c(57): warning:  #177-D: variable "PWM" was declared but never referenced
main.c(58): warning:  #177-D: variable "speed" was declared but never referenced
compiling stm32f10x_it.c...
compiling system_stm32f10x.c...
compiling led.c...
compiling key.c...
compiling lcd.c...
compiling myiic.c...
compiling adxl345.c...
compiling mpu6050.c...
compiling filter.c...
compiling pid.c...
compiling encoder.c...
compiling timer.c...
compiling remote.c...
compiling delay.c...
compiling sys.c...
..\SYSTEM\sys\sys.c(69): warning:  #1-D: last line of file ends without a newline
compiling usart.c...
compiling core_cm3.c...
assembling startup_stm32f10x_hd.s...
compiling misc.c...
compiling stm32f10x_fsmc.c...
compiling stm32f10x_gpio.c...
compiling stm32f10x_rcc.c...
compiling stm32f10x_usart.c...
linking...
Program Size: Code=25694 RO-data=3038 RW-data=224 ZI-data=1864  
FromELF: creating hex file...
"..\OBJ\ADXL345.axf" - 0 Error(s), 6 Warning(s).
Build target 'Target 1'
compiling main.c...
main.c(55): warning:  #550-D: variable "Accel_z" was set but never used
main.c(55): warning:  #177-D: variable "Angle_ay" was declared but never referenced
main.c(55): warning:  #177-D: variable "Angle_az" was declared but never referenced
main.c(57): warning:  #177-D: variable "PWM" was declared but never referenced
main.c(58): warning:  #177-D: variable "speed" was declared but never referenced
compiling stm32f10x_it.c...
compiling system_stm32f10x.c...
compiling led.c...
compiling key.c...
compiling lcd.c...
compiling myiic.c...
compiling adxl345.c...
compiling mpu6050.c...
compiling filter.c...
compiling pid.c...
compiling encoder.c...
compiling timer.c...
compiling remote.c...
compiling delay.c...
compiling sys.c...
..\SYSTEM\sys\sys.c(69): warning:  #1-D: last line of file ends without a newline
compiling usart.c...
compiling core_cm3.c...
assembling startup_stm32f10x_hd.s...
compiling misc.c...
compiling stm32f10x_fsmc.c...
compiling stm32f10x_gpio.c...
compiling stm32f10x_rcc.c...
compiling stm32f10x_usart.c...
linking...
Program Size: Code=25694 RO-data=3038 RW-data=224 ZI-data=1864  
FromELF: creating hex file...
"..\OBJ\ADXL345.axf" - 0 Error(s), 6 Warning(s).
Build target 'Target 1'
compiling main.c...
main.c(55): warning:  #550-D: variable "Accel_z" was set but never used
main.c(55): warning:  #177-D: variable "Angle_ay" was declared but never referenced
main.c(55): warning:  #177-D: variable "Angle_az" was declared but never referenced
main.c(57): warning:  #177-D: variable "PWM" was declared but never referenced
main.c(58): warning:  #177-D: variable "speed" was declared but never referenced
compiling stm32f10x_it.c...
compiling system_stm32f10x.c...
compiling led.c...
compiling key.c...
compiling lcd.c...
compiling myiic.c...
compiling adxl345.c...
compiling mpu6050.c...
compiling filter.c...
compiling pid.c...
compiling encoder.c...
compiling timer.c...
compiling remote.c...
compiling delay.c...
compiling sys.c...
..\SYSTEM\sys\sys.c(69): warning:  #1-D: last line of file ends without a newline
compiling usart.c...
compiling core_cm3.c...
assembling startup_stm32f10x_hd.s...
compiling misc.c...
compiling stm32f10x_fsmc.c...
compiling stm32f10x_gpio.c...
compiling stm32f10x_rcc.c...
compiling stm32f10x_usart.c...
linking...
Program Size: Code=25694 RO-data=3038 RW-data=224 ZI-data=1864  
FromELF: creating hex file...
"..\OBJ\ADXL345.axf" - 0 Error(s), 6 Warning(s).
Build target 'Target 1'
compiling main.c...
main.c(55): warning:  #550-D: variable "Accel_z" was set but never used
main.c(55): warning:  #177-D: variable "Angle_ay" was declared but never referenced
main.c(55): warning:  #177-D: variable "Angle_az" was declared but never referenced
main.c(57): warning:  #177-D: variable "PWM" was declared but never referenced
main.c(58): warning:  #177-D: variable "speed" was declared but never referenced
compiling stm32f10x_it.c...
compiling system_stm32f10x.c...
compiling led.c...
compiling key.c...
compiling lcd.c...
compiling myiic.c...
compiling adxl345.c...
compiling mpu6050.c...
compiling filter.c...
compiling pid.c...
compiling encoder.c...
compiling timer.c...
compiling remote.c...
compiling delay.c...
compiling sys.c...
..\SYSTEM\sys\sys.c(69): warning:  #1-D: last line of file ends without a newline
compiling usart.c...
compiling core_cm3.c...
assembling startup_stm32f10x_hd.s...
compiling misc.c...
compiling stm32f10x_fsmc.c...
compiling stm32f10x_gpio.c...
compiling stm32f10x_rcc.c...
compiling stm32f10x_usart.c...
linking...
Program Size: Code=25694 RO-data=3038 RW-data=224 ZI-data=1864  
FromELF: creating hex file...
"..\OBJ\ADXL345.axf" - 0 Error(s), 6 Warning(s).
Build target 'Target 1'
compiling main.c...
main.c(55): warning:  #550-D: variable "Accel_z" was set but never used
main.c(55): warning:  #177-D: variable "Angle_ay" was declared but never referenced
main.c(55): warning:  #177-D: variable "Angle_az" was declared but never referenced
main.c(57): warning:  #177-D: variable "PWM" was declared but never referenced
main.c(58): warning:  #177-D: variable "speed" was declared but never referenced
compiling stm32f10x_it.c...
compiling system_stm32f10x.c...
compiling led.c...
compiling key.c...
compiling lcd.c...
compiling myiic.c...
compiling adxl345.c...
compiling mpu6050.c...
compiling filter.c...
compiling pid.c...
compiling encoder.c...
compiling timer.c...
compiling remote.c...
compiling delay.c...
compiling sys.c...
..\SYSTEM\sys\sys.c(69): warning:  #1-D: last line of file ends without a newline
compiling usart.c...
compiling core_cm3.c...
assembling startup_stm32f10x_hd.s...
compiling misc.c...
compiling stm32f10x_fsmc.c...
compiling stm32f10x_gpio.c...
compiling stm32f10x_rcc.c...
compiling stm32f10x_usart.c...
linking...
Program Size: Code=25694 RO-data=3038 RW-data=224 ZI-data=1864  
FromELF: creating hex file...
"..\OBJ\ADXL345.axf" - 0 Error(s), 6 Warning(s).
Build target 'Target 1'
compiling main.c...
main.c(55): warning:  #550-D: variable "Accel_z" was set but never used
main.c(55): warning:  #177-D: variable "Angle_ay" was declared but never referenced
main.c(55): warning:  #177-D: variable "Angle_az" was declared but never referenced
main.c(57): warning:  #177-D: variable "PWM" was declared but never referenced
main.c(58): warning:  #177-D: variable "speed" was declared but never referenced
compiling stm32f10x_it.c...
compiling system_stm32f10x.c...
compiling led.c...
compiling key.c...
compiling lcd.c...
compiling myiic.c...
compiling adxl345.c...
compiling mpu6050.c...
compiling filter.c...
compiling pid.c...
compiling encoder.c...
compiling timer.c...
compiling remote.c...
compiling delay.c...
compiling sys.c...
..\SYSTEM\sys\sys.c(69): warning:  #1-D: last line of file ends without a newline
compiling usart.c...
compiling core_cm3.c...
assembling startup_stm32f10x_hd.s...
compiling misc.c...
compiling stm32f10x_fsmc.c...
compiling stm32f10x_gpio.c...
compiling stm32f10x_rcc.c...
compiling stm32f10x_usart.c...
linking...
Program Size: Code=25694 RO-data=3038 RW-data=224 ZI-data=1864  
FromELF: creating hex file...
"..\OBJ\ADXL345.axf" - 0 Error(s), 6 Warning(s).
Build target 'Target 1'
compiling main.c...
main.c(55): warning:  #550-D: variable "Accel_z" was set but never used
main.c(55): warning:  #177-D: variable "Angle_ay" was declared but never referenced
main.c(55): warning:  #177-D: variable "Angle_az" was declared but never referenced
main.c(57): warning:  #177-D: variable "PWM" was declared but never referenced
main.c(58): warning:  #177-D: variable "speed" was declared but never referenced
compiling stm32f10x_it.c...
compiling system_stm32f10x.c...
compiling led.c...
compiling key.c...
compiling lcd.c...
compiling myiic.c...
compiling adxl345.c...
compiling mpu6050.c...
compiling filter.c...
compiling pid.c...
compiling encoder.c...
compiling timer.c...
compiling remote.c...
compiling delay.c...
compiling sys.c...
..\SYSTEM\sys\sys.c(69): warning:  #1-D: last line of file ends without a newline
compiling usart.c...
compiling core_cm3.c...
assembling startup_stm32f10x_hd.s...
compiling misc.c...
compiling stm32f10x_fsmc.c...
compiling stm32f10x_gpio.c...
compiling stm32f10x_rcc.c...
compiling stm32f10x_usart.c...
linking...
Program Size: Code=25694 RO-data=3038 RW-data=224 ZI-data=1864  
FromELF: creating hex file...
"..\OBJ\ADXL345.axf" - 0 Error(s), 6 Warning(s).
Build target 'Target 1'
compiling main.c...
main.c(55): warning:  #550-D: variable "Accel_z" was set but never used
main.c(55): warning:  #177-D: variable "Angle_ay" was declared but never referenced
main.c(55): warning:  #177-D: variable "Angle_az" was declared but never referenced
main.c(57): warning:  #177-D: variable "PWM" was declared but never referenced
main.c(58): warning:  #177-D: variable "speed" was declared but never referenced
compiling stm32f10x_it.c...
compiling system_stm32f10x.c...
compiling led.c...
compiling key.c...
compiling lcd.c...
compiling myiic.c...
compiling adxl345.c...
compiling mpu6050.c...
compiling filter.c...
compiling pid.c...
compiling encoder.c...
compiling timer.c...
compiling remote.c...
compiling delay.c...
compiling sys.c...
..\SYSTEM\sys\sys.c(69): warning:  #1-D: last line of file ends without a newline
compiling usart.c...
compiling core_cm3.c...
assembling startup_stm32f10x_hd.s...
compiling misc.c...
compiling stm32f10x_fsmc.c...
compiling stm32f10x_gpio.c...
compiling stm32f10x_rcc.c...
compiling stm32f10x_usart.c...
linking...
Program Size: Code=25694 RO-data=3038 RW-data=224 ZI-data=1864  
FromELF: creating hex file...
"..\OBJ\ADXL345.axf" - 0 Error(s), 6 Warning(s).
Build target 'Target 1'
compiling main.c...
main.c(55): warning:  #550-D: variable "Accel_z" was set but never used
main.c(55): warning:  #177-D: variable "Angle_ay" was declared but never referenced
main.c(55): warning:  #177-D: variable "Angle_az" was declared but never referenced
main.c(57): warning:  #177-D: variable "PWM" was declared but never referenced
main.c(58): warning:  #177-D: variable "speed" was declared but never referenced
compiling stm32f10x_it.c...
compiling system_stm32f10x.c...
compiling led.c...
compiling key.c...
compiling lcd.c...
compiling myiic.c...
compiling adxl345.c...
compiling mpu6050.c...
compiling filter.c...
compiling pid.c...
compiling encoder.c...
compiling timer.c...
compiling remote.c...
compiling delay.c...
compiling sys.c...
..\SYSTEM\sys\sys.c(69): warning:  #1-D: last line of file ends without a newline
compiling usart.c...
compiling core_cm3.c...
assembling startup_stm32f10x_hd.s...
compiling misc.c...
compiling stm32f10x_fsmc.c...
compiling stm32f10x_gpio.c...
compiling stm32f10x_rcc.c...
compiling stm32f10x_usart.c...
linking...
Program Size: Code=25694 RO-data=3038 RW-data=224 ZI-data=1864  
FromELF: creating hex file...
"..\OBJ\ADXL345.axf" - 0 Error(s), 6 Warning(s).
Build target 'Target 1'
compiling main.c...
main.c(55): warning:  #550-D: variable "Accel_z" was set but never used
main.c(55): warning:  #177-D: variable "Angle_ay" was declared but never referenced
main.c(55): warning:  #177-D: variable "Angle_az" was declared but never referenced
main.c(57): warning:  #177-D: variable "PWM" was declared but never referenced
main.c(58): warning:  #177-D: variable "speed" was declared but never referenced
compiling stm32f10x_it.c...
compiling system_stm32f10x.c...
compiling led.c...
compiling key.c...
compiling lcd.c...
compiling myiic.c...
compiling adxl345.c...
compiling mpu6050.c...
compiling filter.c...
compiling pid.c...
compiling encoder.c...
compiling timer.c...
compiling remote.c...
compiling delay.c...
compiling sys.c...
..\SYSTEM\sys\sys.c(69): warning:  #1-D: last line of file ends without a newline
compiling usart.c...
compiling core_cm3.c...
assembling startup_stm32f10x_hd.s...
compiling misc.c...
compiling stm32f10x_fsmc.c...
compiling stm32f10x_gpio.c...
compiling stm32f10x_rcc.c...
compiling stm32f10x_usart.c...
linking...
Program Size: Code=25694 RO-data=3038 RW-data=224 ZI-data=1864  
FromELF: creating hex file...
"..\OBJ\ADXL345.axf" - 0 Error(s), 6 Warning(s).
Build target 'Target 1'
compiling main.c...
main.c(55): warning:  #550-D: variable "Accel_z" was set but never used
main.c(55): warning:  #177-D: variable "Angle_ay" was declared but never referenced
main.c(55): warning:  #177-D: variable "Angle_az" was declared but never referenced
main.c(57): warning:  #177-D: variable "PWM" was declared but never referenced
main.c(58): warning:  #177-D: variable "speed" was declared but never referenced
compiling stm32f10x_it.c...
compiling system_stm32f10x.c...
compiling led.c...
compiling key.c...
compiling lcd.c...
compiling myiic.c...
compiling adxl345.c...
compiling mpu6050.c...
compiling filter.c...
compiling pid.c...
compiling encoder.c...
compiling timer.c...
compiling remote.c...
compiling delay.c...
compiling sys.c...
..\SYSTEM\sys\sys.c(69): warning:  #1-D: last line of file ends without a newline
compiling usart.c...
compiling core_cm3.c...
assembling startup_stm32f10x_hd.s...
compiling misc.c...
compiling stm32f10x_fsmc.c...
compiling stm32f10x_gpio.c...
compiling stm32f10x_rcc.c...
compiling stm32f10x_usart.c...
linking...
Program Size: Code=25694 RO-data=3038 RW-data=224 ZI-data=1864  
FromELF: creating hex file...
"..\OBJ\ADXL345.axf" - 0 Error(s), 6 Warning(s).
Build target 'Target 1'
compiling main.c...
main.c(55): warning:  #550-D: variable "Accel_z" was set but never used
main.c(55): warning:  #177-D: variable "Angle_ay" was declared but never referenced
main.c(55): warning:  #177-D: variable "Angle_az" was declared but never referenced
main.c(57): warning:  #177-D: variable "PWM" was declared but never referenced
main.c(58): warning:  #177-D: variable "speed" was declared but never referenced
compiling stm32f10x_it.c...
compiling system_stm32f10x.c...
compiling led.c...
compiling key.c...
compiling lcd.c...
compiling myiic.c...
compiling adxl345.c...
compiling mpu6050.c...
compiling filter.c...
compiling pid.c...
compiling encoder.c...
compiling timer.c...
compiling remote.c...
compiling delay.c...
compiling sys.c...
..\SYSTEM\sys\sys.c(69): warning:  #1-D: last line of file ends without a newline
compiling usart.c...
compiling core_cm3.c...
assembling startup_stm32f10x_hd.s...
compiling misc.c...
compiling stm32f10x_fsmc.c...
compiling stm32f10x_gpio.c...
compiling stm32f10x_rcc.c...
compiling stm32f10x_usart.c...
linking...
Program Size: Code=25694 RO-data=3038 RW-data=224 ZI-data=1864  
FromELF: creating hex file...
"..\OBJ\ADXL345.axf" - 0 Error(s), 6 Warning(s).
Build target 'Target 1'
compiling main.c...
main.c(55): warning:  #550-D: variable "Accel_z" was set but never used
main.c(55): warning:  #177-D: variable "Angle_ay" was declared but never referenced
main.c(55): warning:  #177-D: variable "Angle_az" was declared but never referenced
main.c(57): warning:  #177-D: variable "PWM" was declared but never referenced
main.c(58): warning:  #177-D: variable "speed" was declared but never referenced
compiling stm32f10x_it.c...
compiling system_stm32f10x.c...
compiling led.c...
compiling key.c...
compiling lcd.c...
compiling myiic.c...
compiling adxl345.c...
compiling mpu6050.c...
compiling filter.c...
compiling pid.c...
compiling encoder.c...
compiling timer.c...
compiling remote.c...
compiling delay.c...
compiling sys.c...
..\SYSTEM\sys\sys.c(69): warning:  #1-D: last line of file ends without a newline
compiling usart.c...
compiling core_cm3.c...
assembling startup_stm32f10x_hd.s...
compiling misc.c...
compiling stm32f10x_fsmc.c...
compiling stm32f10x_gpio.c...
compiling stm32f10x_rcc.c...
compiling stm32f10x_usart.c...
linking...
Program Size: Code=25694 RO-data=3038 RW-data=224 ZI-data=1864  
FromELF: creating hex file...
"..\OBJ\ADXL345.axf" - 0 Error(s), 6 Warning(s).
Build target 'Target 1'
compiling main.c...
main.c(55): warning:  #550-D: variable "Accel_z" was set but never used
main.c(55): warning:  #177-D: variable "Angle_ay" was declared but never referenced
main.c(55): warning:  #177-D: variable "Angle_az" was declared but never referenced
main.c(57): warning:  #177-D: variable "PWM" was declared but never referenced
main.c(58): warning:  #177-D: variable "speed" was declared but never referenced
compiling stm32f10x_it.c...
compiling system_stm32f10x.c...
compiling led.c...
compiling key.c...
compiling lcd.c...
compiling myiic.c...
compiling adxl345.c...
compiling mpu6050.c...
compiling filter.c...
compiling pid.c...
compiling encoder.c...
compiling timer.c...
compiling remote.c...
compiling delay.c...
compiling sys.c...
..\SYSTEM\sys\sys.c(69): warning:  #1-D: last line of file ends without a newline
compiling usart.c...
compiling core_cm3.c...
assembling startup_stm32f10x_hd.s...
compiling misc.c...
compiling stm32f10x_fsmc.c...
compiling stm32f10x_gpio.c...
compiling stm32f10x_rcc.c...
compiling stm32f10x_usart.c...
linking...
Program Size: Code=25694 RO-data=3038 RW-data=224 ZI-data=1864  
FromELF: creating hex file...
"..\OBJ\ADXL345.axf" - 0 Error(s), 6 Warning(s).
Build target 'Target 1'
compiling main.c...
main.c(55): warning:  #550-D: variable "Accel_z" was set but never used
main.c(55): warning:  #177-D: variable "Angle_ay" was declared but never referenced
main.c(55): warning:  #177-D: variable "Angle_az" was declared but never referenced
main.c(57): warning:  #177-D: variable "PWM" was declared but never referenced
main.c(58): warning:  #177-D: variable "speed" was declared but never referenced
compiling stm32f10x_it.c...
compiling system_stm32f10x.c...
compiling led.c...
compiling key.c...
compiling lcd.c...
compiling myiic.c...
compiling adxl345.c...
compiling mpu6050.c...
compiling filter.c...
compiling pid.c...
compiling encoder.c...
compiling timer.c...
compiling remote.c...
compiling delay.c...
compiling sys.c...
..\SYSTEM\sys\sys.c(69): warning:  #1-D: last line of file ends without a newline
compiling usart.c...
compiling core_cm3.c...
assembling startup_stm32f10x_hd.s...
compiling misc.c...
compiling stm32f10x_fsmc.c...
compiling stm32f10x_gpio.c...
compiling stm32f10x_rcc.c...
compiling stm32f10x_usart.c...
linking...
Program Size: Code=25694 RO-data=3038 RW-data=224 ZI-data=1864  
FromELF: creating hex file...
"..\OBJ\ADXL345.axf" - 0 Error(s), 6 Warning(s).
Build target 'Target 1'
compiling main.c...
main.c(55): warning:  #550-D: variable "Accel_z" was set but never used
main.c(55): warning:  #177-D: variable "Angle_ay" was declared but never referenced
main.c(55): warning:  #177-D: variable "Angle_az" was declared but never referenced
main.c(57): warning:  #177-D: variable "PWM" was declared but never referenced
main.c(58): warning:  #177-D: variable "speed" was declared but never referenced
compiling stm32f10x_it.c...
compiling system_stm32f10x.c...
compiling led.c...
compiling key.c...
compiling lcd.c...
compiling myiic.c...
compiling adxl345.c...
compiling mpu6050.c...
compiling filter.c...
compiling pid.c...
compiling encoder.c...
compiling timer.c...
compiling remote.c...
compiling delay.c...
compiling sys.c...
..\SYSTEM\sys\sys.c(69): warning:  #1-D: last line of file ends without a newline
compiling usart.c...
compiling core_cm3.c...
assembling startup_stm32f10x_hd.s...
compiling misc.c...
compiling stm32f10x_fsmc.c...
compiling stm32f10x_gpio.c...
compiling stm32f10x_rcc.c...
compiling stm32f10x_usart.c...
linking...
Program Size: Code=25694 RO-data=3038 RW-data=224 ZI-data=1864  
FromELF: creating hex file...
"..\OBJ\ADXL345.axf" - 0 Error(s), 6 Warning(s).
Build target 'Target 1'
compiling main.c...
main.c(55): warning:  #550-D: variable "Accel_z" was set but never used
main.c(55): warning:  #177-D: variable "Angle_ay" was declared but never referenced
main.c(55): warning:  #177-D: variable "Angle_az" was declared but never referenced
main.c(57): warning:  #177-D: variable "PWM" was declared but never referenced
main.c(58): warning:  #177-D: variable "speed" was declared but never referenced
compiling stm32f10x_it.c...
compiling system_stm32f10x.c...
compiling led.c...
compiling key.c...
compiling lcd.c...
compiling myiic.c...
compiling adxl345.c...
compiling mpu6050.c...
compiling filter.c...
compiling pid.c...
compiling encoder.c...
compiling timer.c...
compiling remote.c...
compiling delay.c...
compiling sys.c...
..\SYSTEM\sys\sys.c(69): warning:  #1-D: last line of file ends without a newline
compiling usart.c...
compiling core_cm3.c...
assembling startup_stm32f10x_hd.s...
compiling misc.c...
compiling stm32f10x_fsmc.c...
compiling stm32f10x_gpio.c...
compiling stm32f10x_rcc.c...
compiling stm32f10x_usart.c...
linking...
Program Size: Code=25694 RO-data=3038 RW-data=224 ZI-data=1864  
FromELF: creating hex file...
"..\OBJ\ADXL345.axf" - 0 Error(s), 6 Warning(s).
Build target 'Target 1'
compiling main.c...
main.c(55): warning:  #550-D: variable "Accel_z" was set but never used
main.c(55): warning:  #177-D: variable "Angle_ay" was declared but never referenced
main.c(55): warning:  #177-D: variable "Angle_az" was declared but never referenced
main.c(57): warning:  #177-D: variable "PWM" was declared but never referenced
main.c(58): warning:  #177-D: variable "speed" was declared but never referenced
compiling stm32f10x_it.c...
compiling system_stm32f10x.c...
compiling led.c...
compiling key.c...
compiling lcd.c...
compiling myiic.c...
compiling adxl345.c...
compiling mpu6050.c...
compiling filter.c...
compiling pid.c...
compiling encoder.c...
compiling timer.c...
compiling remote.c...
compiling delay.c...
compiling sys.c...
..\SYSTEM\sys\sys.c(69): warning:  #1-D: last line of file ends without a newline
compiling usart.c...
compiling core_cm3.c...
assembling startup_stm32f10x_hd.s...
compiling misc.c...
compiling stm32f10x_fsmc.c...
compiling stm32f10x_gpio.c...
compiling stm32f10x_rcc.c...
compiling stm32f10x_usart.c...
linking...
Program Size: Code=25694 RO-data=3038 RW-data=224 ZI-data=1864  
FromELF: creating hex file...
"..\OBJ\ADXL345.axf" - 0 Error(s), 6 Warning(s).
Build target 'Target 1'
compiling main.c...
main.c(55): warning:  #550-D: variable "Accel_z" was set but never used
main.c(55): warning:  #177-D: variable "Angle_ay" was declared but never referenced
main.c(55): warning:  #177-D: variable "Angle_az" was declared but never referenced
main.c(57): warning:  #177-D: variable "PWM" was declared but never referenced
main.c(58): warning:  #177-D: variable "speed" was declared but never referenced
compiling stm32f10x_it.c...
compiling system_stm32f10x.c...
compiling led.c...
compiling key.c...
compiling lcd.c...
compiling myiic.c...
compiling adxl345.c...
compiling mpu6050.c...
compiling filter.c...
compiling pid.c...
compiling encoder.c...
compiling timer.c...
compiling remote.c...
compiling delay.c...
compiling sys.c...
..\SYSTEM\sys\sys.c(69): warning:  #1-D: last line of file ends without a newline
compiling usart.c...
compiling core_cm3.c...
assembling startup_stm32f10x_hd.s...
compiling misc.c...
compiling stm32f10x_fsmc.c...
compiling stm32f10x_gpio.c...
compiling stm32f10x_rcc.c...
compiling stm32f10x_usart.c...
linking...
Program Size: Code=25694 RO-data=3038 RW-data=224 ZI-data=1864  
FromELF: creating hex file...
"..\OBJ\ADXL345.axf" - 0 Error(s), 6 Warning(s).
Build target 'Target 1'
compiling main.c...
main.c(55): warning:  #550-D: variable "Accel_z" was set but never used
main.c(55): warning:  #177-D: variable "Angle_ay" was declared but never referenced
main.c(55): warning:  #177-D: variable "Angle_az" was declared but never referenced
main.c(57): warning:  #177-D: variable "PWM" was declared but never referenced
main.c(58): warning:  #177-D: variable "speed" was declared but never referenced
compiling stm32f10x_it.c...
compiling system_stm32f10x.c...
compiling led.c...
compiling key.c...
compiling lcd.c...
compiling myiic.c...
compiling adxl345.c...
compiling mpu6050.c...
compiling filter.c...
compiling pid.c...
compiling encoder.c...
compiling timer.c...
compiling remote.c...
compiling delay.c...
compiling sys.c...
..\SYSTEM\sys\sys.c(69): warning:  #1-D: last line of file ends without a newline
compiling usart.c...
compiling core_cm3.c...
assembling startup_stm32f10x_hd.s...
compiling misc.c...
compiling stm32f10x_fsmc.c...
compiling stm32f10x_gpio.c...
compiling stm32f10x_rcc.c...
compiling stm32f10x_usart.c...
linking...
Program Size: Code=25694 RO-data=3038 RW-data=224 ZI-data=1864  
FromELF: creating hex file...
"..\OBJ\ADXL345.axf" - 0 Error(s), 6 Warning(s).
Build target 'Target 1'
compiling main.c...
main.c(55): warning:  #550-D: variable "Accel_z" was set but never used
main.c(55): warning:  #177-D: variable "Angle_ay" was declared but never referenced
main.c(55): warning:  #177-D: variable "Angle_az" was declared but never referenced
main.c(57): warning:  #177-D: variable "PWM" was declared but never referenced
main.c(58): warning:  #177-D: variable "speed" was declared but never referenced
compiling stm32f10x_it.c...
compiling system_stm32f10x.c...
compiling led.c...
compiling key.c...
compiling lcd.c...
compiling myiic.c...
compiling adxl345.c...
compiling mpu6050.c...
compiling filter.c...
compiling pid.c...
compiling encoder.c...
compiling timer.c...
compiling remote.c...
compiling delay.c...
compiling sys.c...
..\SYSTEM\sys\sys.c(69): warning:  #1-D: last line of file ends without a newline
compiling usart.c...
compiling core_cm3.c...
assembling startup_stm32f10x_hd.s...
compiling misc.c...
compiling stm32f10x_fsmc.c...
compiling stm32f10x_gpio.c...
compiling stm32f10x_rcc.c...
compiling stm32f10x_usart.c...
linking...
Program Size: Code=25694 RO-data=3038 RW-data=224 ZI-data=1864  
FromELF: creating hex file...
"..\OBJ\ADXL345.axf" - 0 Error(s), 6 Warning(s).
