ARM Linker, 4.1 [Build 567] [Standard]

==============================================================================

Section Cross References

    main.o(.text) refers to lcd.o(.text) for LCD_ShowChar
    main.o(.text) refers to delay.o(.text) for delay_init
    main.o(.text) refers to sys.o(.text) for NVIC_Configuration
    main.o(.text) refers to usart.o(.text) for uart_init
    main.o(.text) refers to led.o(.text) for LED_Init
    main.o(.text) refers to key.o(.text) for KEY_Init
    main.o(.text) refers to timer.o(.text) for PWM_INT
    main.o(.text) refers to remote.o(.text) for Remote_Init
    main.o(.text) refers to mpu6050.o(.text) for MPU6050_Init
    main.o(.text) refers to fflt_clz.o(x$fpl$fflt) for __aeabi_i2f
    main.o(.text) refers to faddsub_clz.o(x$fpl$fsub) for __aeabi_fsub
    main.o(.text) refers to fdiv.o(x$fpl$fdiv) for __aeabi_fdiv
    main.o(.text) refers to f2d.o(x$fpl$f2d) for __aeabi_f2d
    main.o(.text) refers to dmul.o(x$fpl$dmul) for __aeabi_dmul
    main.o(.text) refers to ddiv.o(x$fpl$ddiv) for __aeabi_ddiv
    main.o(.text) refers to d2f.o(x$fpl$d2f) for __aeabi_d2f
    main.o(.text) refers to ffix.o(x$fpl$ffix) for __aeabi_f2iz
    main.o(.text) refers to filter.o(.text) for Kalman_Filter
    main.o(.text) refers to stm32f10x_usart.o(.text) for USART_SendData
    main.o(.text) refers to ffixu.o(x$fpl$ffixu) for __aeabi_f2uiz
    main.o(.text) refers to lcd.o(.data) for POINT_COLOR
    main.o(.text) refers to mpu6050.o(.data) for zero
    main.o(.text) refers to filter.o(.data) for Angle
    system_stm32f10x.o(.text) refers to system_stm32f10x.o(.data) for SystemCoreClock
    led.o(.text) refers to stm32f10x_rcc.o(.text) for RCC_APB2PeriphClockCmd
    led.o(.text) refers to stm32f10x_gpio.o(.text) for GPIO_Init
    key.o(.text) refers to stm32f10x_rcc.o(.text) for RCC_APB2PeriphClockCmd
    key.o(.text) refers to stm32f10x_gpio.o(.text) for GPIO_Init
    key.o(.text) refers to delay.o(.text) for delay_ms
    key.o(.text) refers to key.o(.data) for key_up
    lcd.o(.text) refers to _printf_percent.o(.ARM.Collect$$_printf_percent$$00000000) for _printf_percent
    lcd.o(.text) refers to _printf_x.o(.ARM.Collect$$_printf_percent$$0000000C) for _printf_x
    lcd.o(.text) refers to _printf_hex_int.o(.text) for _printf_longlong_hex
    lcd.o(.text) refers to delay.o(.text) for delay_us
    lcd.o(.text) refers to lcd.o(.bss) for lcddev
    lcd.o(.text) refers to stm32f10x_rcc.o(.text) for RCC_AHBPeriphClockCmd
    lcd.o(.text) refers to stm32f10x_gpio.o(.text) for GPIO_Init
    lcd.o(.text) refers to stm32f10x_fsmc.o(.text) for FSMC_NORSRAMInit
    lcd.o(.text) refers to noretval__2printf.o(.text) for __2printf
    lcd.o(.text) refers to lcd.o(.data) for POINT_COLOR
    lcd.o(.text) refers to lcd.o(.constdata) for asc2_1206
    myiic.o(.text) refers to stm32f10x_rcc.o(.text) for RCC_APB2PeriphClockCmd
    myiic.o(.text) refers to stm32f10x_gpio.o(.text) for GPIO_Init
    myiic.o(.text) refers to delay.o(.text) for delay_us
    adxl345.o(.text) refers to myiic.o(.text) for IIC_Start
    adxl345.o(.text) refers to delay.o(.text) for delay_ms
    adxl345.o(.text) refers to f2d.o(x$fpl$f2d) for __aeabi_f2d
    adxl345.o(.text) refers to fmul.o(x$fpl$fmul) for __aeabi_fmul
    adxl345.o(.text) refers to faddsub_clz.o(x$fpl$fadd) for __aeabi_fadd
    adxl345.o(.text) refers to sqrt.o(i.sqrt) for sqrt
    adxl345.o(.text) refers to ddiv.o(x$fpl$ddiv) for __aeabi_ddiv
    adxl345.o(.text) refers to d2f.o(x$fpl$d2f) for __aeabi_d2f
    adxl345.o(.text) refers to atan.o(i.atan) for atan
    adxl345.o(.text) refers to dfix.o(x$fpl$dfix) for __aeabi_d2iz
    mpu6050.o(.text) refers to myiic.o(.text) for IIC_Start
    mpu6050.o(.text) refers to delay.o(.text) for delay_ms
    mpu6050.o(.text) refers to fflt_clz.o(x$fpl$fflt) for __aeabi_i2f
    mpu6050.o(.text) refers to faddsub_clz.o(x$fpl$fsub) for __aeabi_fsub
    mpu6050.o(.text) refers to fdiv.o(x$fpl$fdiv) for __aeabi_fdiv
    mpu6050.o(.text) refers to f2d.o(x$fpl$f2d) for __aeabi_f2d
    mpu6050.o(.text) refers to dmul.o(x$fpl$dmul) for __aeabi_dmul
    mpu6050.o(.text) refers to ddiv.o(x$fpl$ddiv) for __aeabi_ddiv
    mpu6050.o(.text) refers to d2f.o(x$fpl$d2f) for __aeabi_d2f
    mpu6050.o(.text) refers to mpu6050.o(.data) for Accel_x
    filter.o(.text) refers to faddsub_clz.o(x$fpl$fsub) for __aeabi_fsub
    filter.o(.text) refers to fmul.o(x$fpl$fmul) for __aeabi_fmul
    filter.o(.text) refers to faddsub_clz.o(x$fpl$fadd) for __aeabi_fadd
    filter.o(.text) refers to fflt_clz.o(x$fpl$ffltu) for __aeabi_ui2f
    filter.o(.text) refers to fdiv.o(x$fpl$fdiv) for __aeabi_fdiv
    filter.o(.text) refers to faddsub_clz.o(x$fpl$frsb) for __aeabi_frsub
    filter.o(.text) refers to filter.o(.data) for Q_bias
    filter.o(.text) refers to filter.o(.bss) for Pdot
    filter.o(.text) refers to mpu6050.o(.data) for Gyro_y
    pid.o(.text) refers to fmul.o(x$fpl$fmul) for __aeabi_fmul
[...]

    ../../angel/boardlib.s                   0x00000000   Number         0  boardinit3.o ABSOLUTE
    ../../angel/boardlib.s                   0x00000000   Number         0  boardinit2.o ABSOLUTE
    ../../angel/boardlib.s                   0x00000000   Number         0  boardinit1.o ABSOLUTE
    ../../angel/boardlib.s                   0x00000000   Number         0  boardshut.o ABSOLUTE
    ../../angel/handlers.s                   0x00000000   Number         0  __scatter_zi.o ABSOLUTE
    ../../angel/handlers.s                   0x00000000   Number         0  __scatter_copy.o ABSOLUTE
    ../../angel/kernel.s                     0x00000000   Number         0  rtexit2.o ABSOLUTE
    ../../angel/kernel.s                     0x00000000   Number         0  rtexit.o ABSOLUTE
    ../../angel/kernel.s                     0x00000000   Number         0  rtentry2.o ABSOLUTE
    ../../angel/kernel.s                     0x00000000   Number         0  rtentry4.o ABSOLUTE
    ../../angel/kernel.s                     0x00000000   Number         0  rtentry.o ABSOLUTE
    ../../angel/rt.s                         0x00000000   Number         0  rt_fp_status_addr_intlibspace.o ABSOLUTE
    ../../angel/rt.s                         0x00000000   Number         0  rt_fp_status_addr.o ABSOLUTE
    ../../angel/rt.s                         0x00000000   Number         0  rt_errno_addr.o ABSOLUTE
    ../../angel/rt.s                         0x00000000   Number         0  rt_raise.o ABSOLUTE
    ../../angel/rt.s                         0x00000000   Number         0  rt_errno_addr_intlibspace.o ABSOLUTE
    ../../angel/scatter.s                    0x00000000   Number         0  __scatter.o ABSOLUTE
    ../../angel/startup.s                    0x00000000   Number         0  __main.o ABSOLUTE
    ../../angel/sys.s                        0x00000000   Number         0  libspace.o ABSOLUTE
    ../../angel/sys.s                        0x00000000   Number         0  use_no_semi.o ABSOLUTE
    ../../angel/sys.s                        0x00000000   Number         0  use_no_semi_2.o ABSOLUTE
    ../../angel/sys.s                        0x00000000   Number         0  sys_stackheap_outer.o ABSOLUTE
    ../../angel/sysapp.c                     0x00000000   Number         0  sys_wrch.o ABSOLUTE
    ../../angel/sysapp.c                     0x00000000   Number         0  sys_command.o ABSOLUTE
    ../../armsys.c                           0x00000000   Number         0  argv_veneer.o ABSOLUTE
    ../../armsys.c                           0x00000000   Number         0  argv_veneer.o ABSOLUTE
    ../../armsys.c                           0x00000000   Number         0  _get_argv_nomalloc.o ABSOLUTE
    ../../armsys.c                           0x00000000   Number         0  no_argv.o ABSOLUTE
    ../../atan.c                             0x00000000   Number         0  atan_x.o ABSOLUTE
    ../../atan.c                             0x00000000   Number         0  atan.o ABSOLUTE
    ../../d2f.s                              0x00000000   Number         0  d2f.o ABSOLUTE
    ../../daddsub.s                          0x00000000   Number         0  daddsub_clz.o ABSOLUTE
    ../../dcheck1.s                          0x00000000   Number         0  dcheck1.o ABSOLUTE
    ../../dcmpi.s                            0x00000000   Number         0  dcmpi.o ABSOLUTE
    ../../ddiv.s                             0x00000000   Number         0  ddiv.o ABSOLUTE
    ../../dfix.s                             0x00000000   Number         0  dfix.o ABSOLUTE
    ../../dflt.s                             0x00000000   Number         0  dflt_clz.o ABSOLUTE
    ../../dleqf.s                            0x00000000   Number         0  dleqf.o ABSOLUTE
    ../../dmul.s                             0x00000000   Number         0  dmul.o ABSOLUTE
    ../../dnaninf.s                          0x00000000   Number         0  dnaninf.o ABSOLUTE
    ../../dretinf.s                          0x00000000   Number         0  dretinf.o ABSOLUTE
    ../../dsqrt.s                            0x00000000   Number         0  dsqrt_noumaal.o ABSOLUTE
    ../../dunder.c                           0x00000000   Number         0  dunder.o ABSOLUTE
    ../../f2d.s                              0x00000000   Number         0  f2d.o ABSOLUTE
    ../../faddsub.s                          0x00000000   Number         0  faddsub_clz.o ABSOLUTE
    ../../fcmpi.s                            0x00000000   Number         0  fcmpi.o ABSOLUTE
    ../../fdiv.s                             0x00000000   Number         0  fdiv.o ABSOLUTE
    ../../fenv.c                             0x00000000   Number         0  _rserrno.o ABSOLUTE
    ../../ffix.s                             0x00000000   Number         0  ffix.o ABSOLUTE
    ../../ffixu.s                            0x00000000   Number         0  ffixu.o ABSOLUTE
    ../../fflt.s                             0x00000000   Number         0  fflt_clz.o ABSOLUTE
    ../../fleqf.s                            0x00000000   Number         0  fleqf.o ABSOLUTE
    ../../fmul.s                             0x00000000   Number         0  fmul.o ABSOLUTE
    ../../fnaninf.s                          0x00000000   Number         0  fnaninf.o ABSOLUTE
    ../../fpclassify.c                       0x00000000   Number         0  fpclassify.o ABSOLUTE
    ../../fpinit.s                           0x00000000   Number         0  fpinit.o ABSOLUTE
    ../../fretinf.s                          0x00000000   Number         0  fretinf.o ABSOLUTE
    ../../frleqf.s                           0x00000000   Number         0  frleqf.o ABSOLUTE
    ../../heapalloc.c                        0x00000000   Number         0  hrguard.o ABSOLUTE
    ../../heapaux.c                          0x00000000   Number         0  heapauxi.o ABSOLUTE
    ../../libinit.s                          0x00000000   Number         0  libshutdown2.o ABSOLUTE
    ../../libinit.s                          0x00000000   Number         0  libinit2.o ABSOLUTE
    ../../libinit.s                          0x00000000   Number         0  libshutdown.o ABSOLUTE
    ../../libinit.s                          0x00000000   Number         0  libinit.o ABSOLUTE
    ../../poly.c                             0x00000000   Number         0  poly.o ABSOLUTE
    ../../printf.c                           0x00000000   Number         0  _printf_char_common.o ABSOLUTE
    ../../printf.c                           0x00000000   Number         0  __printf_flags_ss.o ABSOLUTE
    ../../printf.c                           0x00000000   Number         0  _printf_hex_ptr.o ABSOLUTE
    ../../printf.c                           0x00000000   Number         0  noretval__2printf.o ABSOLUTE
    ../../printf.c                           0x00000000   Number         0  __2printf.o ABSOLUTE
    ../../printf.c                           0x00000000   Number         0  __printf.o ABSOLUTE
    ../../printf.c                           0x00000000   Number         0  __printf_wp.o ABSOLUTE
    ../../printf.c                           0x00000000   Number         0  _printf_intcommon.o ABSOLUTE
    ../../printf.c                           0x00000000   Number         0  _printf_hex_int_ll.o ABSOLUTE
    ../../printf.c                           0x00000000   Number         0  _printf_char_file.o ABSOLUTE
    ../../printf.c                           0x00000000   Number         0  __printf_nopercent.o ABSOLUTE
    ../../printf.c                           0x00000000   Number         0  _printf_hex_int_ll_ptr.o ABSOLUTE
    ../../printf.c                           0x00000000   Number         0  __printf_ss.o ABSOLUTE
    ../../printf.c                           0x00000000   Number         0  __printf_flags_wp.o ABSOLUTE
    ../../printf.c                           0x00000000   Number         0  __printf_ss_wp.o ABSOLUTE
    ../../printf.c                           0x00000000   Number         0  __printf_flags.o ABSOLUTE
    ../../printf.c                           0x00000000   Number         0  __printf_flags_ss_wp.o ABSOLUTE
    ../../printf.c                           0x00000000   Number         0  _printf_hex_int_ptr.o ABSOLUTE
    ../../printf.c                           0x00000000   Number         0  _printf_hex_ll_ptr.o ABSOLUTE
    ../../printf.c                           0x00000000   Number         0  _printf_hex_int.o ABSOLUTE
    ../../printf.c                           0x00000000   Number         0  _printf_hex_ll.o ABSOLUTE
    ../../printf_percent.s                   0x00000000   Number         0  _printf_percent.o ABSOLUTE
    ../../printf_percent.s                   0x00000000   Number         0  _printf_percent_end.o ABSOLUTE
    ../../printf_percent.s                   0x00000000   Number         0  _printf_x.o ABSOLUTE
    ../../retnan.s                           0x00000000   Number         0  retnan.o ABSOLUTE
    ../../scalbn.s                           0x00000000   Number         0  scalbn.o ABSOLUTE
    ../../signal.c                           0x00000000   Number         0  defsig_general.o ABSOLUTE
    ../../signal.c                           0x00000000   Number         0  __raise.o ABSOLUTE
    ../../signal.c                           0x00000000   Number         0  defsig_rtmem_inner.o ABSOLUTE
    ../../signal.c                           0x00000000   Number         0  defsig_exit.o ABSOLUTE
    ../../signal.c                           0x00000000   Number         0  defsig_segv_inner.o ABSOLUTE
    ../../signal.c                           0x00000000   Number         0  defsig_cppl_inner.o ABSOLUTE
    ../../signal.c                           0x00000000   Number         0  defsig_pvfn_inner.o ABSOLUTE
    ../../signal.c                           0x00000000   Number         0  defsig_rtmem_formal.o ABSOLUTE
    ../../signal.c                           0x00000000   Number         0  defsig_stak_inner.o ABSOLUTE
    ../../signal.c                           0x00000000   Number         0  defsig_rtred_inner.o ABSOLUTE
    ../../signal.c                           0x00000000   Number         0  defsig_fpe_inner.o ABSOLUTE
    ../../signal.c                           0x00000000   Number         0  defsig_abrt_inner.o ABSOLUTE
    ../../signal.c                           0x00000000   Number         0  defsig_rtmem_outer.o ABSOLUTE
    ../../signal.c                           0x00000000   Number         0  defsig_other.o ABSOLUTE
    ../../signal.s                           0x00000000   Number         0  defsig.o ABSOLUTE
    ../../sqrt.c                             0x00000000   Number         0  sqrt_x.o ABSOLUTE
    ../../sqrt.c                             0x00000000   Number         0  sqrt.o ABSOLUTE
    ../../stdio.c                            0x00000000   Number         0  ferror.o ABSOLUTE
    ../../stdio.c                            0x00000000   Number         0  ferror_locked.o ABSOLUTE
    ../../stdlib.c                           0x00000000   Number         0  exit.o ABSOLUTE
    ../../trapv.s                            0x00000000   Number         0  trapv.o ABSOLUTE
    ../../usenofp.s                          0x00000000   Number         0  usenofp.o ABSOLUTE
    ..\CORE\core_cm3.c                       0x00000000   Number         0  core_cm3.o ABSOLUTE
    ..\CORE\startup_stm32f10x_hd.s           0x00000000   Number         0  startup_stm32f10x_hd.o ABSOLUTE
    ..\HARDWARE\ADXL345\adxl345.c            0x00000000   Number         0  adxl345.o ABSOLUTE
    ..\HARDWARE\ENCODER\encoder.c            0x00000000   Number         0  encoder.o ABSOLUTE
    ..\HARDWARE\FILTER\filter.c              0x00000000   Number         0  filter.o ABSOLUTE
    ..\HARDWARE\IIC\myiic.c                  0x00000000   Number         0  myiic.o ABSOLUTE
    ..\HARDWARE\KEY\key.c                    0x00000000   Number         0  key.o ABSOLUTE
    ..\HARDWARE\LCD\lcd.c                    0x00000000   Number         0  lcd.o ABSOLUTE
    ..\HARDWARE\LED\led.c                    0x00000000   Number         0  led.o ABSOLUTE
    ..\HARDWARE\MPU6050\mpu6050.c            0x00000000   Number         0  mpu6050.o ABSOLUTE
    ..\HARDWARE\PID\pid.c                    0x00000000   Number         0  pid.o ABSOLUTE
    ..\HARDWARE\REMOTE\remote.c              0x00000000   Number         0  remote.o ABSOLUTE
    ..\HARDWARE\TIMER\timer.c                0x00000000   Number         0  timer.o ABSOLUTE
    ..\STM32F10x_FWLib\src\misc.c            0x00000000   Number         0  misc.o ABSOLUTE
    ..\STM32F10x_FWLib\src\stm32f10x_fsmc.c  0x00000000   Number         0  stm32f10x_fsmc.o ABSOLUTE
    ..\STM32F10x_FWLib\src\stm32f10x_gpio.c  0x00000000   Number         0  stm32f10x_gpio.o ABSOLUTE
    ..\STM32F10x_FWLib\src\stm32f10x_rcc.c   0x00000000   Number         0  stm32f10x_rcc.o ABSOLUTE
    ..\STM32F10x_FWLib\src\stm32f10x_usart.c 0x00000000   Number         0  stm32f10x_usart.o ABSOLUTE
    ..\SYSTEM\delay\delay.c                  0x00000000   Number         0  delay.o ABSOLUTE
    ..\SYSTEM\sys\sys.c                      0x00000000   Number         0  sys.o ABSOLUTE
    ..\SYSTEM\usart\usart.c                  0x00000000   Number         0  usart.o ABSOLUTE
    ..\\CORE\\core_cm3.c                     0x00000000   Number         0  core_cm3.o ABSOLUTE
    dc.s                                     0x00000000   Number         0  dc.o ABSOLUTE
    main.c                                   0x00000000   Number         0  main.o ABSOLUTE
    stm32f10x_it.c                           0x00000000   Number         0  stm32f10x_it.o ABSOLUTE
    system_stm32f10x.c                       0x00000000   Number         0  system_stm32f10x.o ABSOLUTE
    RESET                                    0x08000000   Section      304  startup_stm32f10x_hd.o(RESET)
    !!!main                                  0x08000130   Section        8  __main.o(!!!main)
    !!!scatter                               0x08000138   Section       52  __scatter.o(!!!scatter)
    !!handler_copy                           0x0800016c   Section       26  __scatter_copy.o(!!handler_copy)
    !!handler_zi                             0x08000188   Section       28  __scatter_zi.o(!!handler_zi)
    .ARM.Collect$$_printf_percent$$00000000  0x080001a4   Section        0  _printf_percent.o(.ARM.Collect$$_printf_percent$$00000000)
    .ARM.Collect$$_printf_percent$$0000000C  0x080001a4   Section        6  _printf_x.o(.ARM.Collect$$_printf_percent$$0000000C)
    .ARM.Collect$$_printf_percent$$00000017  0x080001aa   Section        4  _printf_percent_end.o(.ARM.Collect$$_printf_percent$$00000017)
    .ARM.Collect$$libinit$$00000000          0x080001ae   Section        6  libinit.o(.ARM.Collect$$libinit$$00000000)
    .ARM.Collect$$libinit$$00000006          0x080001b4   Section        0  libinit2.o(.ARM.Collect$$libinit$$00000006)
    .ARM.Collect$$libinit$$00000008          0x080001b4   Section        0  libinit2.o(.ARM.Collect$$libinit$$00000008)
    .ARM.Collect$$libinit$$0000000A          0x080001b4   Section        0  libinit2.o(.ARM.Collect$$libinit$$0000000A)
    .ARM.Collect$$libinit$$0000000D          0x080001b4   Section        0  libinit2.o(.ARM.Collect$$libinit$$0000000D)
    .ARM.Collect$$libinit$$0000000F          0x080001b4   Section        0  libinit2.o(.ARM.Collect$$libinit$$0000000F)
    .ARM.Collect$$libinit$$00000011          0x080001b4   Section        0  libinit2.o(.ARM.Collect$$libinit$$00000011)
    .ARM.Collect$$libinit$$00000013          0x080001b4   Section        0  libinit2.o(.ARM.Collect$$libinit$$00000013)
    .ARM.Collect$$libinit$$00000015          0x080001b4   Section        0  libinit2.o(.ARM.Collect$$libinit$$00000015)
    .ARM.Collect$$libinit$$00000017          0x080001b4   Section        0  libinit2.o(.ARM.Collect$$libinit$$00000017)
    .ARM.Collect$$libinit$$00000019          0x080001b4   Section        0  libinit2.o(.ARM.Collect$$libinit$$00000019)
    .ARM.Collect$$libinit$$0000001B          0x080001b4   Section        0  libinit2.o(.ARM.Collect$$libinit$$0000001B)
    .ARM.Collect$$libinit$$0000001D          0x080001b4   Section        0  libinit2.o(.ARM.Collect$$libinit$$0000001D)
    .ARM.Collect$$libinit$$0000001F          0x080001b4   Section        0  libinit2.o(.ARM.Collect$$libinit$$0000001F)
    .ARM.Collect$$libinit$$00000021          0x080001b4   Section        0  libinit2.o(.ARM.Collect$$libinit$$00000021)
    .ARM.Collect$$libinit$$00000028          0x080001b4   Section        0  libinit2.o(.ARM.Collect$$libinit$$00000028)
    .ARM.Collect$$libinit$$0000002A          0x080001b4   Section        0  libinit2.o(.ARM.Collect$$libinit$$0000002A)
    .ARM.Collect$$libinit$$0000002C          0x080001b4   Section        0  libinit2.o(.ARM.Collect$$libinit$$0000002C)
    .ARM.Collect$$libinit$$0000002E          0x080001b4   Section        0  libinit2.o(.ARM.Collect$$libinit$$0000002E)
    .ARM.Collect$$libinit$$0000002F          0x080001b4   Section        2  libinit2.o(.ARM.Collect$$libinit$$0000002F)
    .ARM.Collect$$libshutdown$$00000000      0x080001b6   Section        2  libshutdown.o(.ARM.Collect$$libshutdown$$00000000)
    .ARM.Collect$$libshutdown$$00000003      0x080001b8   Section        0  libshutdown2.o(.ARM.Collect$$libshutdown$$00000003)
    .ARM.Collect$$libshutdown$$00000006      0x080001b8   Section        0  libshutdown2.o(.ARM.Collect$$libshutdown$$00000006)
    .ARM.Collect$$libshutdown$$00000009      0x080001b8   Section        0  libshutdown2.o(.ARM.Collect$$libshutdown$$00000009)
    .ARM.Collect$$libshutdown$$0000000B      0x080001b8   Section        0  libshutdown2.o(.ARM.Collect$$libshutdown$$0000000B)
    .ARM.Collect$$libshutdown$$0000000E      0x080001b8   Section        0  libshutdown2.o(.ARM.Collect$$libshutdown$$0000000E)
    .ARM.Collect$$libshutdown$$0000000F      0x080001b8   Section        2  libshutdown2.o(.ARM.Collect$$libshutdown$$0000000F)
    .ARM.Collect$$rtentry$$00000000          0x080001ba   Section        0  rtentry.o(.ARM.Collect$$rtentry$$00000000)
    .ARM.Collect$$rtentry$$00000002          0x080001ba   Section        0  rtentry2.o(.ARM.Collect$$rtentry$$00000002)
    .ARM.Collect$$rtentry$$00000004          0x080001ba   Section        6  rtentry4.o(.ARM.Collect$$rtentry$$00000004)
    .ARM.Collect$$rtentry$$00000009          0x080001c0   Section        0  rtentry2.o(.ARM.Collect$$rtentry$$00000009)
    .ARM.Collect$$rtentry$$0000000A          0x080001c0   Section        4  rtentry2.o(.ARM.Collect$$rtentry$$0000000A)
    .ARM.Collect$$rtentry$$0000000C          0x080001c4   Section        0  rtentry2.o(.ARM.Collect$$rtentry$$0000000C)
    .ARM.Collect$$rtentry$$0000000D          0x080001c4   Section        8  rtentry2.o(.ARM.Collect$$rtentry$$0000000D)
    .ARM.Collect$$rtexit$$00000000           0x080001cc   Section        2  rtexit.o(.ARM.Collect$$rtexit$$00000000)
    .ARM.Collect$$rtexit$$00000002           0x080001ce   Section        0  rtexit2.o(.ARM.Collect$$rtexit$$00000002)
    .ARM.Collect$$rtexit$$00000003           0x080001ce   Section        4  rtexit2.o(.ARM.Collect$$rtexit$$00000003)
    .ARM.Collect$$rtexit$$00000004           0x080001d2   Section        6  rtexit2.o(.ARM.Collect$$rtexit$$00000004)
    .text                                    0x080001d8   Section        0  main.o(.text)
    .text                                    0x08000840   Section        0  stm32f10x_it.o(.text)
    .text                                    0x0800085c   Section        0  system_stm32f10x.o(.text)
    SetSysClockTo72                          0x0800085d   Thumb Code   192  system_stm32f10x.o(.text)
    SetSysClock                              0x0800091d   Thumb Code     8  system_stm32f10x.o(.text)
    .text                                    0x08000a24   Section        0  led.o(.text)
    .text                                    0x08000ac0   Section        0  key.o(.text)
    .text                                    0x08000bbc   Section        0  lcd.o(.text)
    .text                                    0x08002f78   Section        0  myiic.o(.text)
    .text                                    0x08003234   Section        0  mpu6050.o(.text)
    .text                                    0x080033a0   Section        0  filter.o(.text)
    .text                                    0x08003618   Section        0  pid.o(.text)
    .text                                    0x08003768   Section        0  encoder.o(.text)
    .text                                    0x080038f0   Section        0  timer.o(.text)
    .text                                    0x08003a94   Section        0  remote.o(.text)
    .text                                    0x08003dec   Section        0  delay.o(.text)
    .text                                    0x08003eb0   Section        0  sys.o(.text)
    .text                                    0x0800403c   Section        0  usart.o(.text)
    .text                                    0x08004178   Section       64  startup_stm32f10x_hd.o(.text)
    .text                                    0x080041b8   Section        0  misc.o(.text)
    .text                                    0x080042b0   Section        0  stm32f10x_fsmc.o(.text)
    .text                                    0x080048c8   Section        0  stm32f10x_gpio.o(.text)
    .text                                    0x08004c20   Section        0  stm32f10x_rcc.o(.text)
    .text                                    0x08004fc4   Section        0  stm32f10x_usart.o(.text)
    .text                                    0x080053d0   Section        2  use_no_semi_2.o(.text)
    .text                                    0x080053d4   Section        0  noretval__2printf.o(.text)
    .text                                    0x080053ec   Section        0  __printf.o(.text)
    .text                                    0x08005458   Section        0  _printf_hex_int.o(.text)
    .text                                    0x080054b4   Section        0  heapauxi.o(.text)
    .text                                    0x080054ba   Section        2  use_no_semi.o(.text)
    .text                                    0x080054bc   Section        0  _printf_intcommon.o(.text)
    .text                                    0x08005570   Section        0  _printf_char_file.o(.text)
    .text                                    0x08005594   Section        0  _printf_char_common.o(.text)
    _printf_input_char                       0x08005595   Thumb Code    10  _printf_char_common.o(.text)
    .text                                    0x080055c4   Section        0  ferror.o(.text)
    .text                                    0x080055cc   Section        8  libspace.o(.text)
    .text                                    0x080055d4   Section       74  sys_stackheap_outer.o(.text)
    .text                                    0x0800561e   Section        0  exit.o(.text)
    .text                                    0x0800562c   Section        8  rt_fp_status_addr_intlibspace.o(.text)
    x$fpl$d2f                                0x08005634   Section       98  d2f.o(x$fpl$d2f)
    x$fpl$dadd                               0x08005698   Section      336  daddsub_clz.o(x$fpl$dadd)
    _dadd1                                   0x080056a9   Thumb Code     0  daddsub_clz.o(x$fpl$dadd)
    x$fpl$ddiv                               0x080057e8   Section      688  ddiv.o(x$fpl$ddiv)
    ddiv_entry                               0x080057ef   Thumb Code     0  ddiv.o(x$fpl$ddiv)
    x$fpl$dflt                               0x08005a98   Section       46  dflt_clz.o(x$fpl$dflt)
    x$fpl$dmul                               0x08005ac8   Section      340  dmul.o(x$fpl$dmul)
    x$fpl$dnaninf                            0x08005c1c   Section      156  dnaninf.o(x$fpl$dnaninf)
    x$fpl$dretinf                            0x08005cb8   Section       12  dretinf.o(x$fpl$dretinf)
    x$fpl$dsub                               0x08005cc4   Section      468  daddsub_clz.o(x$fpl$dsub)
    _dsub1                                   0x08005cd5   Thumb Code     0  daddsub_clz.o(x$fpl$dsub)
    x$fpl$f2d                                0x08005e98   Section       86  f2d.o(x$fpl$f2d)
    x$fpl$fadd                               0x08005ef0   Section      196  faddsub_clz.o(x$fpl$fadd)
    _fadd1                                   0x08005eff   Thumb Code     0  faddsub_clz.o(x$fpl$fadd)
    x$fpl$fcmpinf                            0x08005fb4   Section       24  fcmpi.o(x$fpl$fcmpinf)
    x$fpl$fdiv                               0x08005fcc   Section      388  fdiv.o(x$fpl$fdiv)
    _fdiv1                                   0x08005fcd   Thumb Code     0  fdiv.o(x$fpl$fdiv)
    x$fpl$ffix                               0x08006150   Section       54  ffix.o(x$fpl$ffix)
    x$fpl$ffixu                              0x08006188   Section       62  ffixu.o(x$fpl$ffixu)
    x$fpl$fflt                               0x080061c8   Section       48  fflt_clz.o(x$fpl$fflt)
    x$fpl$ffltu                              0x080061f8   Section       38  fflt_clz.o(x$fpl$ffltu)
    x$fpl$fleqf                              0x08006220   Section      104  fleqf.o(x$fpl$fleqf)
    x$fpl$fmul                               0x08006288   Section      258  fmul.o(x$fpl$fmul)
    x$fpl$fnaninf                            0x0800638a   Section      140  fnaninf.o(x$fpl$fnaninf)
    x$fpl$fpinit                             0x08006416   Section       14  fpinit.o(x$fpl$fpinit)
    x$fpl$fretinf                            0x08006424   Section       10  fretinf.o(x$fpl$fretinf)
    x$fpl$frleqf                             0x0800642e   Section       98  frleqf.o(x$fpl$frleqf)
    x$fpl$frsb                               0x08006490   Section       20  faddsub_clz.o(x$fpl$frsb)
    x$fpl$fsub                               0x080064a4   Section      234  faddsub_clz.o(x$fpl$fsub)
    _fsub1                                   0x080064b3   Thumb Code     0  faddsub_clz.o(x$fpl$fsub)
    .constdata                               0x0800658e   Section     2660  lcd.o(.constdata)
    x$fpl$usenofp                            0x0800658e   Section        0  usenofp.o(x$fpl$usenofp)
    .constdata                               0x08006ff2   Section       40  _printf_hex_int.o(.constdata)
    uc_hextab                                0x08006ff2   Data          20  _printf_hex_int.o(.constdata)
    lc_hextab                                0x08007006   Data          20  _printf_hex_int.o(.constdata)
    .data                                    0x20000000   Section       20  system_stm32f10x.o(.data)
    .data                                    0x20000014   Section        1  key.o(.data)
    key_up                                   0x20000014   Data           1  key.o(.data)
    .data                                    0x20000016   Section        4  lcd.o(.data)
    .data                                    0x2000001c   Section       20  mpu6050.o(.data)
    .data                                    0x20000030   Section       80  filter.o(.data)
    .data                                    0x20000080   Section       29  pid.o(.data)
    .data                                    0x200000a0   Section        8  encoder.o(.data)
    .data                                    0x200000a8   Section       22  remote.o(.data)
    .data                                    0x200000be   Section        4  delay.o(.data)
    fac_us                                   0x200000be   Data           1  delay.o(.data)
    fac_ms                                   0x200000c0   Data           2  delay.o(.data)
    .data                                    0x200000c4   Section        8  usart.o(.data)
    .data                                    0x200000cc   Section       20  stm32f10x_rcc.o(.data)
    APBAHBPrescTable                         0x200000cc   Data          16  stm32f10x_rcc.o(.data)
    ADCPrescTable                            0x200000dc   Data           4  stm32f10x_rcc.o(.data)
    .bss                                     0x200000e0   Section       10  lcd.o(.bss)
    .bss                                     0x200000ec   Section       16  filter.o(.bss)
    .bss                                     0x200000fc   Section      200  usart.o(.bss)
    .bss                                     0x200001c4   Section       96  libspace.o(.bss)
    HEAP                                     0x20000228   Section      512  startup_stm32f10x_hd.o(HEAP)
    Heap_Mem                                 0x20000228   Data         512  startup_stm32f10x_hd.o(HEAP)
    STACK                                    0x20000428   Section     1024  startup_stm32f10x_hd.o(STACK)
    Stack_Mem                                0x20000428   Data        1024  startup_stm32f10x_hd.o(STACK)
    __initial_sp                             0x20000828   Data           0  startup_stm32f10x_hd.o(STACK)

    Global Symbols

    Symbol Name                              Value     Ov Type        Size  Object(Section)

    BuildAttributes$$THM_ISAv4$P$D$K$B$S$PE$A:L22UL41UL21$X:L11$S22US41US21$IEEE1$IW$USESV6$~STKCKD$USESV7$~SHL$OTIME$ROPI$IEEEX$EBA8$UX$STANDARDLIB$REQ8$PRES8$EABIv2 0x00000000   Number         0  anon$$obj.o ABSOLUTE
    __ARM_use_no_argv                        0x00000000   Number         0  main.o ABSOLUTE
    __ARM_exceptions_init                     - Undefined Weak Reference
    __alloca_initialize                       - Undefined Weak Reference
    __cpp_initialize__aeabi_                  - Undefined Weak Reference
    __cxa_finalize                            - Undefined Weak Reference
    __fpl_infinity                            - Undefined Weak Reference
    __rt_locale                               - Undefined Weak Reference
    __sigvec_lookup                           - Undefined Weak Reference
    _atexit_init                              - Undefined Weak Reference
    _call_atexit_fns                          - Undefined Weak Reference
    _clock_init                               - Undefined Weak Reference
    _fp_trap_init                             - Undefined Weak Reference
    _fp_trap_shutdown                         - Undefined Weak Reference
    _get_lc_collate                           - Undefined Weak Reference
    _get_lc_ctype                             - Undefined Weak Reference
    _get_lc_monetary                          - Undefined Weak Reference
    _get_lc_numeric                           - Undefined Weak Reference
    _get_lc_time                              - Undefined Weak Reference
    _getenv_init                              - Undefined Weak Reference
    _handle_redirection                       - Undefined Weak Reference
    _init_alloc                               - Undefined Weak Reference
    _init_user_alloc                          - Undefined Weak Reference
    _initio                                   - Undefined Weak Reference
    _mutex_acquire                            - Undefined Weak Reference
    _mutex_release                            - Undefined Weak Reference
    _printf_post_padding                      - Undefined Weak Reference
    _printf_pre_padding                       - Undefined Weak Reference
    _printf_truncate_unsigned                 - Undefined Weak Reference
    _rand_init                                - Undefined Weak Reference
    _signal_finish                            - Undefined Weak Reference
    _signal_init                              - Undefined Weak Reference
    _terminate_alloc                          - Undefined Weak Reference
    _terminate_user_alloc                     - Undefined Weak Reference
    _terminateio                              - Undefined Weak Reference
    __Vectors_Size                           0x00000130   Number         0  startup_stm32f10x_hd.o ABSOLUTE
    __Vectors                                0x08000000   Data           4  startup_stm32f10x_hd.o(RESET)
    __Vectors_End                            0x08000130   Data           0  startup_stm32f10x_hd.o(RESET)
    __main                                   0x08000131   Thumb Code     8  __main.o(!!!main)
    __scatterload                            0x08000139   Thumb Code     0  __scatter.o(!!!scatter)
    __scatterload_rt2                        0x08000139   Thumb Code    44  __scatter.o(!!!scatter)
    __scatterload_rt2_thumb_only             0x08000139   Thumb Code     0  __scatter.o(!!!scatter)
    __scatterload_null                       0x08000147   Thumb Code     0  __scatter.o(!!!scatter)
    __scatterload_copy                       0x0800016d   Thumb Code    26  __scatter_copy.o(!!handler_copy)
    __scatterload_zeroinit                   0x08000189   Thumb Code    28  __scatter_zi.o(!!handler_zi)
    _printf_percent                          0x080001a5   Thumb Code     0  _printf_percent.o(.ARM.Collect$$_printf_percent$$00000000)
    _printf_x                                0x080001a5   Thumb Code     0  _printf_x.o(.ARM.Collect$$_printf_percent$$0000000C)
    _printf_percent_end                      0x080001ab   Thumb Code     0  _printf_percent_end.o(.ARM.Collect$$_printf_percent$$00000017)
    __rt_lib_init                            0x080001af   Thumb Code     0  libinit.o(.ARM.Collect$$libinit$$00000000)
    __rt_lib_init_alloca_1                   0x080001b5   Thumb Code     0  libinit2.o(.ARM.Collect$$libinit$$0000002A)
    __rt_lib_init_argv_1                     0x080001b5   Thumb Code     0  libinit2.o(.ARM.Collect$$libinit$$00000028)
    __rt_lib_init_atexit_1                   0x080001b5   Thumb Code     0  libinit2.o(.ARM.Collect$$libinit$$00000017)
    __rt_lib_init_clock_1                    0x080001b5   Thumb Code     0  libinit2.o(.ARM.Collect$$libinit$$0000001D)
    __rt_lib_init_cpp_1                      0x080001b5   Thumb Code     0  libinit2.o(.ARM.Collect$$libinit$$0000002E)
    __rt_lib_init_exceptions_1               0x080001b5   Thumb Code     0  libinit2.o(.ARM.Collect$$libinit$$0000002C)
    __rt_lib_init_fp_trap_1                  0x080001b5   Thumb Code     0  libinit2.o(.ARM.Collect$$libinit$$0000001B)
    __rt_lib_init_getenv_1                   0x080001b5   Thumb Code     0  libinit2.o(.ARM.Collect$$libinit$$0000001F)
    __rt_lib_init_heap_1                     0x080001b5   Thumb Code     0  libinit2.o(.ARM.Collect$$libinit$$00000006)
    __rt_lib_init_lc_collate_1               0x080001b5   Thumb Code     0  libinit2.o(.ARM.Collect$$libinit$$0000000D)
    __rt_lib_init_lc_ctype_1                 0x080001b5   Thumb Code     0  libinit2.o(.ARM.Collect$$libinit$$0000000F)
    __rt_lib_init_lc_monetary_1              0x080001b5   Thumb Code     0  libinit2.o(.ARM.Collect$$libinit$$00000011)
    __rt_lib_init_lc_numeric_1               0x080001b5   Thumb Code     0  libinit2.o(.ARM.Collect$$libinit$$00000013)
    __rt_lib_init_lc_time_1                  0x080001b5   Thumb Code     0  libinit2.o(.ARM.Collect$$libinit$$00000015)
    __rt_lib_init_rand_1                     0x080001b5   Thumb Code     0  libinit2.o(.ARM.Collect$$libinit$$0000000A)
    __rt_lib_init_return                     0x080001b5   Thumb Code     0  libinit2.o(.ARM.Collect$$libinit$$0000002F)
    __rt_lib_init_signal_1                   0x080001b5   Thumb Code     0  libinit2.o(.ARM.Collect$$libinit$$00000019)
    __rt_lib_init_stdio_1                    0x080001b5   Thumb Code     0  libinit2.o(.ARM.Collect$$libinit$$00000021)
    __rt_lib_init_user_alloc_1               0x080001b5   Thumb Code     0  libinit2.o(.ARM.Collect$$libinit$$00000008)
    __rt_lib_shutdown                        0x080001b7   Thumb Code     0  libshutdown.o(.ARM.Collect$$libshutdown$$00000000)
    __rt_lib_shutdown_fp_trap_1              0x080001b9   Thumb Code     0  libshutdown2.o(.ARM.Collect$$libshutdown$$00000006)
    __rt_lib_shutdown_heap_1                 0x080001b9   Thumb Code     0  libshutdown2.o(.ARM.Collect$$libshutdown$$0000000E)
    __rt_lib_shutdown_return                 0x080001b9   Thumb Code     0  libshutdown2.o(.ARM.Collect$$libshutdown$$0000000F)
    __rt_lib_shutdown_signal_1               0x080001b9   Thumb Code     0  libshutdown2.o(.ARM.Collect$$libshutdown$$00000009)
    __rt_lib_shutdown_stdio_1                0x080001b9   Thumb Code     0  libshutdown2.o(.ARM.Collect$$libshutdown$$00000003)
    __rt_lib_shutdown_user_alloc_1           0x080001b9   Thumb Code     0  libshutdown2.o(.ARM.Collect$$libshutdown$$0000000B)
    __rt_entry                               0x080001bb   Thumb Code     0  rtentry.o(.ARM.Collect$$rtentry$$00000000)
    __rt_entry_presh_1                       0x080001bb   Thumb Code     0  rtentry2.o(.ARM.Collect$$rtentry$$00000002)
    __rt_entry_sh                            0x080001bb   Thumb Code     0  rtentry4.o(.ARM.Collect$$rtentry$$00000004)
    __rt_entry_li                            0x080001c1   Thumb Code     0  rtentry2.o(.ARM.Collect$$rtentry$$0000000A)
    __rt_entry_postsh_1                      0x080001c1   Thumb Code     0  rtentry2.o(.ARM.Collect$$rtentry$$00000009)
    __rt_entry_main                          0x080001c5   Thumb Code     0  rtentry2.o(.ARM.Collect$$rtentry$$0000000D)
    __rt_entry_postli_1                      0x080001c5   Thumb Code     0  rtentry2.o(.ARM.Collect$$rtentry$$0000000C)
    __rt_exit                                0x080001cd   Thumb Code     0  rtexit.o(.ARM.Collect$$rtexit$$00000000)
    __rt_exit_ls                             0x080001cf   Thumb Code     0  rtexit2.o(.ARM.Collect$$rtexit$$00000003)
    __rt_exit_prels_1                        0x080001cf   Thumb Code     0  rtexit2.o(.ARM.Collect$$rtexit$$00000002)
    __rt_exit_exit                           0x080001d3   Thumb Code     0  rtexit2.o(.ARM.Collect$$rtexit$$00000004)
    Adxl_Show_Num                            0x080001d9   Thumb Code   200  main.o(.text)
    main                                     0x080002a1   Thumb Code  1434  main.o(.text)
    NMI_Handler                              0x08000841   Thumb Code     2  stm32f10x_it.o(.text)
    HardFault_Handler                        0x08000843   Thumb Code     4  stm32f10x_it.o(.text)
    MemManage_Handler                        0x08000847   Thumb Code     4  stm32f10x_it.o(.text)
    BusFault_Handler                         0x0800084b   Thumb Code     4  stm32f10x_it.o(.text)
    UsageFault_Handler                       0x0800084f   Thumb Code     4  stm32f10x_it.o(.text)
    SVC_Handler                              0x08000853   Thumb Code     2  stm32f10x_it.o(.text)
    DebugMon_Handler                         0x08000855   Thumb Code     2  stm32f10x_it.o(.text)
    PendSV_Handler                           0x08000857   Thumb Code     2  stm32f10x_it.o(.text)
    SysTick_Handler                          0x08000859   Thumb Code     2  stm32f10x_it.o(.text)
    SystemInit                               0x08000925   Thumb Code    78  system_stm32f10x.o(.text)
    SystemCoreClockUpdate                    0x08000973   Thumb Code   142  system_stm32f10x.o(.text)
    LED_Init                                 0x08000a25   Thumb Code   148  led.o(.text)
    KEY_Init                                 0x08000ac1   Thumb Code    52  key.o(.text)
    KEY_Scan                                 0x08000af5   Thumb Code   188  key.o(.text)
    LCD_WR_REG                               0x08000bbd   Thumb Code     6  lcd.o(.text)
    LCD_WR_DATA                              0x08000bc3   Thumb Code     6  lcd.o(.text)
    LCD_RD_DATA                              0x08000bc9   Thumb Code     6  lcd.o(.text)
    LCD_WriteReg                             0x08000bcf   Thumb Code    14  lcd.o(.text)
    LCD_ReadReg                              0x08000bdd   Thumb Code    22  lcd.o(.text)
    LCD_WriteRAM_Prepare                     0x08000bf3   Thumb Code    10  lcd.o(.text)
    LCD_WriteRAM                             0x08000bfd   Thumb Code     6  lcd.o(.text)
    LCD_BGR2RGB                              0x08000c03   Thumb Code    26  lcd.o(.text)
    opt_delay                                0x08000c1d   Thumb Code    14  lcd.o(.text)
    LCD_SetCursor                            0x08000c2b   Thumb Code   112  lcd.o(.text)
    LCD_ReadPoint                            0x08000c9b   Thumb Code   266  lcd.o(.text)
    LCD_DisplayOn                            0x08000da5   Thumb Code    46  lcd.o(.text)
    LCD_DisplayOff                           0x08000dd3   Thumb Code    44  lcd.o(.text)
    LCD_Scan_Dir                             0x08000dff   Thumb Code   466  lcd.o(.text)
    LCD_DrawPoint                            0x08000fd1   Thumb Code    28  lcd.o(.text)
    LCD_Fast_DrawPoint                       0x08000fed   Thumb Code   130  lcd.o(.text)
    LCD_Display_Dir                          0x0800106f   Thumb Code   238  lcd.o(.text)
    LCD_Clear                                0x0800115d   Thumb Code    44  lcd.o(.text)
    LCD_Init                                 0x08001189   Thumb Code  6250  lcd.o(.text)
    LCD_Fill                                 0x080029f3   Thumb Code    80  lcd.o(.text)
    LCD_Color_Fill                           0x08002a43   Thumb Code    94  lcd.o(.text)
    LCD_DrawLine                             0x08002aa1   Thumb Code   176  lcd.o(.text)
    LCD_DrawRectangle                        0x08002b51   Thumb Code    60  lcd.o(.text)
    Draw_Circle                              0x08002b8d   Thumb Code   152  lcd.o(.text)
    LCD_ShowChar                             0x08002c25   Thumb Code   362  lcd.o(.text)
    LCD_Pow                                  0x08002d8f   Thumb Code    22  lcd.o(.text)
    LCD_ShowNum                              0x08002da5   Thumb Code   152  lcd.o(.text)
    LCD_ShowxNum                             0x08002e3d   Thumb Code   194  lcd.o(.text)
    LCD_ShowString                           0x08002eff   Thumb Code   102  lcd.o(.text)
    IIC_Init                                 0x08002f79   Thumb Code    62  myiic.o(.text)
    IIC_Start                                0x08002fb7   Thumb Code    76  myiic.o(.text)
    IIC_Stop                                 0x08003003   Thumb Code    74  myiic.o(.text)
    IIC_Wait_Ack                             0x0800304d   Thumb Code    90  myiic.o(.text)
    IIC_Ack                                  0x080030a7   Thumb Code    80  myiic.o(.text)
    IIC_NAck                                 0x080030f7   Thumb Code    80  myiic.o(.text)
    IIC_Send_Byte                            0x08003147   Thumb Code   104  myiic.o(.text)
    IIC_Read_Byte                            0x080031af   Thumb Code   106  myiic.o(.text)
    MPU_Write_Byte                           0x08003235   Thumb Code    46  mpu6050.o(.text)
    MPU_Read_Byte                            0x08003263   Thumb Code    58  mpu6050.o(.text)
    MPU6050_Init                             0x0800329d   Thumb Code    54  mpu6050.o(.text)
    GetData                                  0x080032d3   Thumb Code    30  mpu6050.o(.text)
    Angle_Calculate                          0x080032f1   Thumb Code   140  mpu6050.o(.text)
    Kalman_Filter                            0x080033a1   Thumb Code   558  filter.o(.text)
    motor_con                                0x08003619   Thumb Code   106  pid.o(.text)
    PWM_Calcu                                0x08003683   Thumb Code   166  pid.o(.text)
    encoder_init                             0x08003769   Thumb Code   160  encoder.o(.text)
    encoder_read                             0x08003809   Thumb Code     8  encoder.o(.text)
    encoder_write                            0x08003811   Thumb Code     6  encoder.o(.text)
    Psn_Calcu                                0x08003817   Thumb Code   156  encoder.o(.text)
    TIM3_IRQHandler                          0x080038f1   Thumb Code    54  timer.o(.text)
    PWM_INT                                  0x08003927   Thumb Code    98  timer.o(.text)
    TIM3_Int_Init                            0x08003989   Thumb Code    94  timer.o(.text)
    TIM2_PWM_Init                            0x080039e7   Thumb Code   132  timer.o(.text)
    Remote_Init                              0x08003a95   Thumb Code   218  remote.o(.text)
    TIM5_IRQHandler                          0x08003b6f   Thumb Code   386  remote.o(.text)
    Remote_Scan                              0x08003cf1   Thumb Code    94  remote.o(.text)
    red_con                                  0x08003d4f   Thumb Code    88  remote.o(.text)
    delay_init                               0x08003ded   Thumb Code    40  delay.o(.text)
    delay_us                                 0x08003e15   Thumb Code    70  delay.o(.text)
    delay_ms                                 0x08003e5b   Thumb Code    70  delay.o(.text)
    NVIC_Configuration                       0x08003eb1   Thumb Code    12  sys.o(.text)
    MY_NVIC_PriorityGroupConfig              0x08003ebd   Thumb Code    42  sys.o(.text)
    MY_NVIC_Init                             0x08003ee7   Thumb Code   116  sys.o(.text)
    MY_NVIC_SetVectorTable                   0x08003f5b   Thumb Code    12  sys.o(.text)
    Ex_NVIC_Config                           0x08003f67   Thumb Code   160  sys.o(.text)
    _sys_exit                                0x0800403d   Thumb Code     6  usart.o(.text)
    fputc                                    0x08004043   Thumb Code    20  usart.o(.text)
    uart_init                                0x08004057   Thumb Code   146  usart.o(.text)
    USART1_IRQHandler                        0x080040e9   Thumb Code   122  usart.o(.text)
    Reset_Handler                            0x08004179   Thumb Code     8  startup_stm32f10x_hd.o(.text)
    ADC1_2_IRQHandler                        0x08004193   Thumb Code     0  startup_stm32f10x_hd.o(.text)
    ADC3_IRQHandler                          0x08004193   Thumb Code     0  startup_stm32f10x_hd.o(.text)
    CAN1_RX1_IRQHandler                      0x08004193   Thumb Code     0  startup_stm32f10x_hd.o(.text)
    CAN1_SCE_IRQHandler                      0x08004193   Thumb Code     0  startup_stm32f10x_hd.o(.text)
    DMA1_Channel1_IRQHandler                 0x08004193   Thumb Code     0  startup_stm32f10x_hd.o(.text)
    DMA1_Channel2_IRQHandler                 0x08004193   Thumb Code     0  startup_stm32f10x_hd.o(.text)
    DMA1_Channel3_IRQHandler                 0x08004193   Thumb Code     0  startup_stm32f10x_hd.o(.text)
    DMA1_Channel4_IRQHandler                 0x08004193   Thumb Code     0  startup_stm32f10x_hd.o(.text)
    DMA1_Channel5_IRQHandler                 0x08004193   Thumb Code     0  startup_stm32f10x_hd.o(.text)
    DMA1_Channel6_IRQHandler                 0x08004193   Thumb Code     0  startup_stm32f10x_hd.o(.text)
    DMA1_Channel7_IRQHandler                 0x08004193   Thumb Code     0  startup_stm32f10x_hd.o(.text)
    DMA2_Channel1_IRQHandler                 0x08004193   Thumb Code     0  startup_stm32f10x_hd.o(.text)
    DMA2_Channel2_IRQHandler                 0x08004193   Thumb Code     0  startup_stm32f10x_hd.o(.text)
    DMA2_Channel3_IRQHandler                 0x08004193   Thumb Code     0  startup_stm32f10x_hd.o(.text)
    DMA2_Channel4_5_IRQHandler               0x08004193   Thumb Code     0  startup_stm32f10x_hd.o(.text)
    EXTI0_IRQHandler                         0x08004193   Thumb Code     0  startup_stm32f10x_hd.o(.text)
    EXTI15_10_IRQHandler                     0x08004193   Thumb Code     0  startup_stm32f10x_hd.o(.text)
    EXTI1_IRQHandler                         0x08004193   Thumb Code     0  startup_stm32f10x_hd.o(.text)
    EXTI2_IRQHandler                         0x08004193   Thumb Code     0  startup_stm32f10x_hd.o(.text)
    EXTI3_IRQHandler                         0x08004193   Thumb Code     0  startup_stm32f10x_hd.o(.text)
    EXTI4_IRQHandler                         0x08004193   Thumb Code     0  startup_stm32f10x_hd.o(.text)
    EXTI9_5_IRQHandler                       0x08004193   Thumb Code     0  startup_stm32f10x_hd.o(.text)
    FLASH_IRQHandler                         0x08004193   Thumb Code     0  startup_stm32f10x_hd.o(.text)
    FSMC_IRQHandler                          0x08004193   Thumb Code     0  startup_stm32f10x_hd.o(.text)
    I2C1_ER_IRQHandler                       0x08004193   Thumb Code     0  startup_stm32f10x_hd.o(.text)
    I2C1_EV_IRQHandler                       0x08004193   Thumb Code     0  startup_stm32f10x_hd.o(.text)
    I2C2_ER_IRQHandler                       0x08004193   Thumb Code     0  startup_stm32f10x_hd.o(.text)
    I2C2_EV_IRQHandler                       0x08004193   Thumb Code     0  startup_stm32f10x_hd.o(.text)
    PVD_IRQHandler                           0x08004193   Thumb Code     0  startup_stm32f10x_hd.o(.text)
    RCC_IRQHandler                           0x08004193   Thumb Code     0  startup_stm32f10x_hd.o(.text)
    RTCAlarm_IRQHandler                      0x08004193   Thumb Code     0  startup_stm32f10x_hd.o(.text)
    RTC_IRQHandler                           0x08004193   Thumb Code     0  startup_stm32f10x_hd.o(.text)
    SDIO_IRQHandler                          0x08004193   Thumb Code     0  startup_stm32f10x_hd.o(.text)
    SPI1_IRQHandler                          0x08004193   Thumb Code     0  startup_stm32f10x_hd.o(.text)
    SPI2_IRQHandler                          0x08004193   Thumb Code     0  startup_stm32f10x_hd.o(.text)
    SPI3_IRQHandler                          0x08004193   Thumb Code     0  startup_stm32f10x_hd.o(.text)
    TAMPER_IRQHandler                        0x08004193   Thumb Code     0  startup_stm32f10x_hd.o(.text)
    TIM1_BRK_IRQHandler                      0x08004193   Thumb Code     0  startup_stm32f10x_hd.o(.text)
    TIM1_CC_IRQHandler                       0x08004193   Thumb Code     0  startup_stm32f10x_hd.o(.text)
    TIM1_TRG_COM_IRQHandler                  0x08004193   Thumb Code     0  startup_stm32f10x_hd.o(.text)
    TIM1_UP_IRQHandler                       0x08004193   Thumb Code     0  startup_stm32f10x_hd.o(.text)
    TIM2_IRQHandler                          0x08004193   Thumb Code     0  startup_stm32f10x_hd.o(.text)
    TIM4_IRQHandler                          0x08004193   Thumb Code     0  startup_stm32f10x_hd.o(.text)
    TIM6_IRQHandler                          0x08004193   Thumb Code     0  startup_stm32f10x_hd.o(.text)
    TIM7_IRQHandler                          0x08004193   Thumb Code     0  startup_stm32f10x_hd.o(.text)
    TIM8_BRK_IRQHandler                      0x08004193   Thumb Code     0  startup_stm32f10x_hd.o(.text)
    TIM8_CC_IRQHandler                       0x08004193   Thumb Code     0  startup_stm32f10x_hd.o(.text)
    TIM8_TRG_COM_IRQHandler                  0x08004193   Thumb Code     0  startup_stm32f10x_hd.o(.text)
    TIM8_UP_IRQHandler                       0x08004193   Thumb Code     0  startup_stm32f10x_hd.o(.text)
    UART4_IRQHandler                         0x08004193   Thumb Code     0  startup_stm32f10x_hd.o(.text)
    UART5_IRQHandler                         0x08004193   Thumb Code     0  startup_stm32f10x_hd.o(.text)
    USART2_IRQHandler                        0x08004193   Thumb Code     0  startup_stm32f10x_hd.o(.text)
    USART3_IRQHandler                        0x08004193   Thumb Code     0  startup_stm32f10x_hd.o(.text)
    USBWakeUp_IRQHandler                     0x08004193   Thumb Code     0  startup_stm32f10x_hd.o(.text)
    USB_HP_CAN1_TX_IRQHandler                0x08004193   Thumb Code     0  startup_stm32f10x_hd.o(.text)
    USB_LP_CAN1_RX0_IRQHandler               0x08004193   Thumb Code     0  startup_stm32f10x_hd.o(.text)
    WWDG_IRQHandler                          0x08004193   Thumb Code     0  startup_stm32f10x_hd.o(.text)
    __user_initial_stackheap                 0x08004195   Thumb Code     0  startup_stm32f10x_hd.o(.text)
    NVIC_PriorityGroupConfig                 0x080041b9   Thumb Code    10  misc.o(.text)
    NVIC_Init                                0x080041c3   Thumb Code   118  misc.o(.text)
    NVIC_SetVectorTable                      0x08004239   Thumb Code    12  misc.o(.text)
    NVIC_SystemLPConfig                      0x08004245   Thumb Code    38  misc.o(.text)
    SysTick_CLKSourceConfig                  0x0800426b   Thumb Code    40  misc.o(.text)
    FSMC_NORSRAMDeInit                       0x080042b1   Thumb Code    56  stm32f10x_fsmc.o(.text)
    FSMC_NANDDeInit                          0x080042e9   Thumb Code    62  stm32f10x_fsmc.o(.text)
    FSMC_PCCARDDeInit                        0x08004327   Thumb Code    40  stm32f10x_fsmc.o(.text)
    FSMC_NORSRAMInit                         0x0800434f   Thumb Code   224  stm32f10x_fsmc.o(.text)
    FSMC_NANDInit                            0x0800442f   Thumb Code   130  stm32f10x_fsmc.o(.text)
    FSMC_PCCARDInit                          0x080044b1   Thumb Code   124  stm32f10x_fsmc.o(.text)
    FSMC_NORSRAMStructInit                   0x0800452d   Thumb Code   114  stm32f10x_fsmc.o(.text)
    FSMC_NANDStructInit                      0x0800459f   Thumb Code    54  stm32f10x_fsmc.o(.text)
    FSMC_PCCARDStructInit                    0x080045d5   Thumb Code    60  stm32f10x_fsmc.o(.text)
    FSMC_NORSRAMCmd                          0x08004611   Thumb Code    46  stm32f10x_fsmc.o(.text)
    FSMC_NANDCmd                             0x0800463f   Thumb Code    86  stm32f10x_fsmc.o(.text)
    FSMC_PCCARDCmd                           0x08004695   Thumb Code    40  stm32f10x_fsmc.o(.text)
    FSMC_NANDECCCmd                          0x080046bd   Thumb Code   118  stm32f10x_fsmc.o(.text)
    FSMC_GetECC                              0x08004733   Thumb Code    22  stm32f10x_fsmc.o(.text)
    FSMC_ITConfig                            0x08004749   Thumb Code   128  stm32f10x_fsmc.o(.text)
    FSMC_GetFlagStatus                       0x080047c9   Thumb Code    48  stm32f10x_fsmc.o(.text)
    FSMC_ClearFlag                           0x080047f9   Thumb Code    62  stm32f10x_fsmc.o(.text)
    FSMC_GetITStatus                         0x08004837   Thumb Code    60  stm32f10x_fsmc.o(.text)
    FSMC_ClearITPendingBit                   0x08004873   Thumb Code    64  stm32f10x_fsmc.o(.text)
    GPIO_DeInit                              0x080048c9   Thumb Code   172  stm32f10x_gpio.o(.text)
    GPIO_AFIODeInit                          0x08004975   Thumb Code    20  stm32f10x_gpio.o(.text)
    GPIO_Init                                0x08004989   Thumb Code   274  stm32f10x_gpio.o(.text)
    GPIO_StructInit                          0x08004a9b   Thumb Code    16  stm32f10x_gpio.o(.text)
    GPIO_ReadInputDataBit                    0x08004aab   Thumb Code    18  stm32f10x_gpio.o(.text)
    GPIO_ReadInputData                       0x08004abd   Thumb Code     8  stm32f10x_gpio.o(.text)
    GPIO_ReadOutputDataBit                   0x08004ac5   Thumb Code    18  stm32f10x_gpio.o(.text)
    GPIO_ReadOutputData                      0x08004ad7   Thumb Code     8  stm32f10x_gpio.o(.text)
    GPIO_SetBits                             0x08004adf   Thumb Code     4  stm32f10x_gpio.o(.text)
    GPIO_ResetBits                           0x08004ae3   Thumb Code     4  stm32f10x_gpio.o(.text)
    GPIO_WriteBit                            0x08004ae7   Thumb Code    10  stm32f10x_gpio.o(.text)
    GPIO_Write                               0x08004af1   Thumb Code     4  stm32f10x_gpio.o(.text)
    GPIO_PinLockConfig                       0x08004af5   Thumb Code    18  stm32f10x_gpio.o(.text)
    GPIO_EventOutputConfig                   0x08004b07   Thumb Code    26  stm32f10x_gpio.o(.text)
    GPIO_EventOutputCmd                      0x08004b21   Thumb Code     6  stm32f10x_gpio.o(.text)
    GPIO_PinRemapConfig                      0x08004b27   Thumb Code   138  stm32f10x_gpio.o(.text)
    GPIO_EXTILineConfig                      0x08004bb1   Thumb Code    66  stm32f10x_gpio.o(.text)
    GPIO_ETH_MediaInterfaceConfig            0x08004bf3   Thumb Code     6  stm32f10x_gpio.o(.text)
    RCC_DeInit                               0x08004c21   Thumb Code    64  stm32f10x_rcc.o(.text)
    RCC_HSEConfig                            0x08004c61   Thumb Code    70  stm32f10x_rcc.o(.text)
    RCC_GetFlagStatus                        0x08004ca7   Thumb Code    56  stm32f10x_rcc.o(.text)
    RCC_WaitForHSEStartUp                    0x08004cdf   Thumb Code    48  stm32f10x_rcc.o(.text)
    RCC_AdjustHSICalibrationValue            0x08004d0f   Thumb Code    20  stm32f10x_rcc.o(.text)
    RCC_HSICmd                               0x08004d23   Thumb Code     6  stm32f10x_rcc.o(.text)
    RCC_PLLConfig                            0x08004d29   Thumb Code    24  stm32f10x_rcc.o(.text)
    RCC_PLLCmd                               0x08004d41   Thumb Code     6  stm32f10x_rcc.o(.text)
    RCC_SYSCLKConfig                         0x08004d47   Thumb Code    18  stm32f10x_rcc.o(.text)
    RCC_GetSYSCLKSource                      0x08004d59   Thumb Code    10  stm32f10x_rcc.o(.text)
    RCC_HCLKConfig                           0x08004d63   Thumb Code    18  stm32f10x_rcc.o(.text)
    RCC_PCLK1Config                          0x08004d75   Thumb Code    18  stm32f10x_rcc.o(.text)
    RCC_PCLK2Config                          0x08004d87   Thumb Code    20  stm32f10x_rcc.o(.text)
    RCC_ITConfig                             0x08004d9b   Thumb Code    30  stm32f10x_rcc.o(.text)
    RCC_USBCLKConfig                         0x08004db9   Thumb Code     6  stm32f10x_rcc.o(.text)
    RCC_ADCCLKConfig                         0x08004dbf   Thumb Code    18  stm32f10x_rcc.o(.text)
    RCC_LSEConfig                            0x08004dd1   Thumb Code    44  stm32f10x_rcc.o(.text)
    RCC_LSICmd                               0x08004dfd   Thumb Code     6  stm32f10x_rcc.o(.text)
    RCC_RTCCLKConfig                         0x08004e03   Thumb Code    12  stm32f10x_rcc.o(.text)
    RCC_RTCCLKCmd                            0x08004e0f   Thumb Code     6  stm32f10x_rcc.o(.text)
    RCC_GetClocksFreq                        0x08004e15   Thumb Code   192  stm32f10x_rcc.o(.text)
    RCC_AHBPeriphClockCmd                    0x08004ed5   Thumb Code    26  stm32f10x_rcc.o(.text)
    RCC_APB2PeriphClockCmd                   0x08004eef   Thumb Code    26  stm32f10x_rcc.o(.text)
    RCC_APB1PeriphClockCmd                   0x08004f09   Thumb Code    26  stm32f10x_rcc.o(.text)
    RCC_APB2PeriphResetCmd                   0x08004f23   Thumb Code    26  stm32f10x_rcc.o(.text)
    RCC_APB1PeriphResetCmd                   0x08004f3d   Thumb Code    26  stm32f10x_rcc.o(.text)
    RCC_BackupResetCmd                       0x08004f57   Thumb Code     6  stm32f10x_rcc.o(.text)
    RCC_ClockSecuritySystemCmd               0x08004f5d   Thumb Code     6  stm32f10x_rcc.o(.text)
    RCC_MCOConfig                            0x08004f63   Thumb Code     6  stm32f10x_rcc.o(.text)
    RCC_ClearFlag                            0x08004f69   Thumb Code    14  stm32f10x_rcc.o(.text)
    RCC_GetITStatus                          0x08004f77   Thumb Code    20  stm32f10x_rcc.o(.text)
    RCC_ClearITPendingBit                    0x08004f8b   Thumb Code     6  stm32f10x_rcc.o(.text)
    USART_DeInit                             0x08004fc5   Thumb Code   134  stm32f10x_usart.o(.text)
    USART_Init                               0x0800504b   Thumb Code   210  stm32f10x_usart.o(.text)
    USART_StructInit                         0x0800511d   Thumb Code    24  stm32f10x_usart.o(.text)
    USART_ClockInit                          0x08005135   Thumb Code    34  stm32f10x_usart.o(.text)
    USART_ClockStructInit                    0x08005157   Thumb Code    12  stm32f10x_usart.o(.text)
    USART_Cmd                                0x08005163   Thumb Code    24  stm32f10x_usart.o(.text)
    USART_ITConfig                           0x0800517b   Thumb Code    74  stm32f10x_usart.o(.text)
    USART_DMACmd                             0x080051c5   Thumb Code    24  stm32f10x_usart.o(.text)
    USART_SetAddress                         0x080051dd   Thumb Code    18  stm32f10x_usart.o(.text)
    USART_WakeUpConfig                       0x080051ef   Thumb Code    18  stm32f10x_usart.o(.text)
    USART_ReceiverWakeUpCmd                  0x08005201   Thumb Code    24  stm32f10x_usart.o(.text)
    USART_LINBreakDetectLengthConfig         0x08005219   Thumb Code    18  stm32f10x_usart.o(.text)
    USART_LINCmd                             0x0800522b   Thumb Code    24  stm32f10x_usart.o(.text)
    USART_SendData                           0x08005243   Thumb Code     8  stm32f10x_usart.o(.text)
    USART_ReceiveData                        0x0800524b   Thumb Code    10  stm32f10x_usart.o(.text)
    USART_SendBreak                          0x08005255   Thumb Code    10  stm32f10x_usart.o(.text)
    USART_SetGuardTime                       0x0800525f   Thumb Code    16  stm32f10x_usart.o(.text)
    USART_SetPrescaler                       0x0800526f   Thumb Code    16  stm32f10x_usart.o(.text)
    USART_SmartCardCmd                       0x0800527f   Thumb Code    24  stm32f10x_usart.o(.text)
    USART_SmartCardNACKCmd                   0x08005297   Thumb Code    24  stm32f10x_usart.o(.text)
    USART_HalfDuplexCmd                      0x080052af   Thumb Code    24  stm32f10x_usart.o(.text)
    USART_OverSampling8Cmd                   0x080052c7   Thumb Code    22  stm32f10x_usart.o(.text)
    USART_OneBitMethodCmd                    0x080052dd   Thumb Code    24  stm32f10x_usart.o(.text)
    USART_IrDAConfig                         0x080052f5   Thumb Code    18  stm32f10x_usart.o(.text)
    USART_IrDACmd                            0x08005307   Thumb Code    24  stm32f10x_usart.o(.text)
    USART_GetFlagStatus                      0x0800531f   Thumb Code    26  stm32f10x_usart.o(.text)
    USART_ClearFlag                          0x08005339   Thumb Code    18  stm32f10x_usart.o(.text)
    USART_GetITStatus                        0x0800534b   Thumb Code    84  stm32f10x_usart.o(.text)
    USART_ClearITPendingBit                  0x0800539f   Thumb Code    50  stm32f10x_usart.o(.text)
    __use_no_semihosting                     0x080053d1   Thumb Code     2  use_no_semi_2.o(.text)
    __2printf                                0x080053d5   Thumb Code    20  noretval__2printf.o(.text)
    __printf                                 0x080053ed   Thumb Code   106  __printf.o(.text)
    _printf_int_hex                          0x08005459   Thumb Code    88  _printf_hex_int.o(.text)
    _printf_longlong_hex                     0x08005459   Thumb Code     0  _printf_hex_int.o(.text)
    __use_two_region_memory                  0x080054b5   Thumb Code     2  heapauxi.o(.text)
    __rt_heap_escrow$2region                 0x080054b7   Thumb Code     2  heapauxi.o(.text)
    __rt_heap_expand$2region                 0x080054b9   Thumb Code     2  heapauxi.o(.text)
    __I$use$semihosting                      0x080054bb   Thumb Code     0  use_no_semi.o(.text)
    __use_no_semihosting_swi                 0x080054bb   Thumb Code     2  use_no_semi.o(.text)
    _printf_int_common                       0x080054bd   Thumb Code   180  _printf_intcommon.o(.text)
    _printf_char_file                        0x08005571   Thumb Code    32  _printf_char_file.o(.text)
    _printf_char_common                      0x0800559f   Thumb Code    32  _printf_char_common.o(.text)
    ferror                                   0x080055c5   Thumb Code     8  ferror.o(.text)
    __user_libspace                          0x080055cd   Thumb Code     8  libspace.o(.text)
    __user_perproc_libspace                  0x080055cd   Thumb Code     0  libspace.o(.text)
    __user_perthread_libspace                0x080055cd   Thumb Code     0  libspace.o(.text)
    __user_setup_stackheap                   0x080055d5   Thumb Code    74  sys_stackheap_outer.o(.text)
    exit                                     0x0800561f   Thumb Code    12  exit.o(.text)
    __rt_fp_status_addr                      0x0800562d   Thumb Code     8  rt_fp_status_addr_intlibspace.o(.text)
    __aeabi_d2f                              0x08005635   Thumb Code     0  d2f.o(x$fpl$d2f)
    _d2f                                     0x08005635   Thumb Code    98  d2f.o(x$fpl$d2f)
    __aeabi_dadd                             0x08005699   Thumb Code     0  daddsub_clz.o(x$fpl$dadd)
    _dadd                                    0x08005699   Thumb Code   332  daddsub_clz.o(x$fpl$dadd)
    __aeabi_ddiv                             0x080057e9   Thumb Code     0  ddiv.o(x$fpl$ddiv)
    _ddiv                                    0x080057e9   Thumb Code   552  ddiv.o(x$fpl$ddiv)
    __aeabi_i2d                              0x08005a99   Thumb Code     0  dflt_clz.o(x$fpl$dflt)
    _dflt                                    0x08005a99   Thumb Code    46  dflt_clz.o(x$fpl$dflt)
    __aeabi_dmul                             0x08005ac9   Thumb Code     0  dmul.o(x$fpl$dmul)
    _dmul                                    0x08005ac9   Thumb Code   332  dmul.o(x$fpl$dmul)
    __fpl_dnaninf                            0x08005c1d   Thumb Code   156  dnaninf.o(x$fpl$dnaninf)
    __fpl_dretinf                            0x08005cb9   Thumb Code    12  dretinf.o(x$fpl$dretinf)
    __aeabi_dsub                             0x08005cc5   Thumb Code     0  daddsub_clz.o(x$fpl$dsub)
    _dsub                                    0x08005cc5   Thumb Code   464  daddsub_clz.o(x$fpl$dsub)
    __aeabi_f2d                              0x08005e99   Thumb Code     0  f2d.o(x$fpl$f2d)
    _f2d                                     0x08005e99   Thumb Code    86  f2d.o(x$fpl$f2d)
    __aeabi_fadd                             0x08005ef1   Thumb Code     0  faddsub_clz.o(x$fpl$fadd)
    _fadd                                    0x08005ef1   Thumb Code   196  faddsub_clz.o(x$fpl$fadd)
    __fpl_fcmp_Inf                           0x08005fb5   Thumb Code    24  fcmpi.o(x$fpl$fcmpinf)
    __aeabi_fdiv                             0x08005fcd   Thumb Code     0  fdiv.o(x$fpl$fdiv)
    _fdiv                                    0x08005fcd   Thumb Code   384  fdiv.o(x$fpl$fdiv)
    __aeabi_f2iz                             0x08006151   Thumb Code     0  ffix.o(x$fpl$ffix)
    _ffix                                    0x08006151   Thumb Code    54  ffix.o(x$fpl$ffix)
    __aeabi_f2uiz                            0x08006189   Thumb Code     0  ffixu.o(x$fpl$ffixu)
    _ffixu                                   0x08006189   Thumb Code    62  ffixu.o(x$fpl$ffixu)
    __aeabi_i2f                              0x080061c9   Thumb Code     0  fflt_clz.o(x$fpl$fflt)
    _fflt                                    0x080061c9   Thumb Code    48  fflt_clz.o(x$fpl$fflt)
    __aeabi_ui2f                             0x080061f9   Thumb Code     0  fflt_clz.o(x$fpl$ffltu)
    _ffltu                                   0x080061f9   Thumb Code    38  fflt_clz.o(x$fpl$ffltu)
    __aeabi_cfcmple                          0x08006221   Thumb Code     0  fleqf.o(x$fpl$fleqf)
    _fcmple                                  0x08006221   Thumb Code   104  fleqf.o(x$fpl$fleqf)
    __fpl_fcmple_InfNaN                      0x08006273   Thumb Code     0  fleqf.o(x$fpl$fleqf)
    __aeabi_fmul                             0x08006289   Thumb Code     0  fmul.o(x$fpl$fmul)
    _fmul                                    0x08006289   Thumb Code   258  fmul.o(x$fpl$fmul)
    __fpl_fnaninf                            0x0800638b   Thumb Code   140  fnaninf.o(x$fpl$fnaninf)
    _fp_init                                 0x08006417   Thumb Code    14  fpinit.o(x$fpl$fpinit)
    __fplib_config_pureend_doubles           0x08006423   Thumb Code     0  fpinit.o(x$fpl$fpinit)
    __fpl_fretinf                            0x08006425   Thumb Code    10  fretinf.o(x$fpl$fretinf)
    __aeabi_cfrcmple                         0x0800642f   Thumb Code     0  frleqf.o(x$fpl$frleqf)
    _frcmple                                 0x0800642f   Thumb Code    98  frleqf.o(x$fpl$frleqf)
    __aeabi_frsub                            0x08006491   Thumb Code     0  faddsub_clz.o(x$fpl$frsb)
    _frsb                                    0x08006491   Thumb Code    20  faddsub_clz.o(x$fpl$frsb)
    __aeabi_fsub                             0x080064a5   Thumb Code     0  faddsub_clz.o(x$fpl$fsub)
    _fsub                                    0x080064a5   Thumb Code   234  faddsub_clz.o(x$fpl$fsub)
    __I$use$fp                               0x0800658f   Thumb Code     0  usenofp.o(x$fpl$usenofp)
    asc2_1206                                0x0800658e   Data        1140  lcd.o(.constdata)
    asc2_1608                                0x08006a02   Data        1520  lcd.o(.constdata)
    Region$$Table$$Base                      0x0800701c   Number         0  anon$$obj.o(Region$$Table)
    Region$$Table$$Limit                     0x0800703c   Number         0  anon$$obj.o(Region$$Table)
    SystemCoreClock                          0x20000000   Data           4  system_stm32f10x.o(.data)
    AHBPrescTable                            0x20000004   Data          16  system_stm32f10x.o(.data)
    POINT_COLOR                              0x20000016   Data           2  lcd.o(.data)
    BACK_COLOR                               0x20000018   Data           2  lcd.o(.data)
    zero                                     0x2000001c   Data           4  mpu6050.o(.data)
    Gyro_y                                   0x20000020   Data           4  mpu6050.o(.data)
    Angle_gy                                 0x20000024   Data           4  mpu6050.o(.data)
    Accel_x                                  0x20000028   Data           4  mpu6050.o(.data)
    Angle_ax                                 0x2000002c   Data           4  mpu6050.o(.data)
    Q_angle                                  0x20000030   Data           4  filter.o(.data)
    Q_gyro                                   0x20000034   Data           4  filter.o(.data)
    R_angle                                  0x20000038   Data           4  filter.o(.data)
    dt                                       0x2000003c   Data           4  filter.o(.data)
    C_0                                      0x20000040   Data           1  filter.o(.data)
    PP                                       0x20000044   Data          16  filter.o(.data)
    Angle                                    0x20000054   Data           4  filter.o(.data)
    Angle_AVE                                0x20000058   Data           4  filter.o(.data)
    Q_bias                                   0x2000005c   Data           4  filter.o(.data)
    Angle_err                                0x20000060   Data           4  filter.o(.data)
    PCt_0                                    0x20000064   Data           4  filter.o(.data)
    PCt_1                                    0x20000068   Data           4  filter.o(.data)
    E                                        0x2000006c   Data           4  filter.o(.data)
    K_0                                      0x20000070   Data           4  filter.o(.data)
    K_1                                      0x20000074   Data           4  filter.o(.data)
    t_0                                      0x20000078   Data           4  filter.o(.data)
    t_1                                      0x2000007c   Data           4  filter.o(.data)
    Kp                                       0x20000080   Data           4  pid.o(.data)
    Kd                                       0x20000084   Data           4  pid.o(.data)
    Ki                                       0x20000088   Data           4  pid.o(.data)
    Kn                                       0x2000008c   Data           4  pid.o(.data)
    PWM_R                                    0x20000090   Data           4  pid.o(.data)
    PWM_L                                    0x20000094   Data           4  pid.o(.data)
    PWM                                      0x20000098   Data           4  pid.o(.data)
    ii                                       0x2000009c   Data           1  pid.o(.data)
    speed                                    0x200000a0   Data           4  encoder.o(.data)
    position                                 0x200000a4   Data           4  encoder.o(.data)
    RmtSta                                   0x200000a8   Data           1  remote.o(.data)
    RmtRec                                   0x200000ac   Data           4  remote.o(.data)
    RmtCnt                                   0x200000b0   Data           1  remote.o(.data)
    turn_need                                0x200000b4   Data           4  remote.o(.data)
    speed_need                               0x200000b8   Data           4  remote.o(.data)
    Dval                                     0x200000bc   Data           2  remote.o(.data)
    USART_RX_STA                             0x200000c4   Data           2  usart.o(.data)
    __stdout                                 0x200000c8   Data           4  usart.o(.data)
    lcddev                                   0x200000e0   Data          10  lcd.o(.bss)
    Pdot                                     0x200000ec   Data          16  filter.o(.bss)
    USART_RX_BUF                             0x200000fc   Data         200  usart.o(.bss)
    __libspace_start                         0x200001c4   Data          96  libspace.o(.bss)
    __temporary_stack_top$libspace           0x20000224   Data           0  libspace.o(.bss)



==============================================================================

Memory Map of the image

  Image Entry point : 0x08000131

  Load Region LR_IROM1 (Base: 0x08000000, Size: 0x0000711c, Max: 0x00080000, ABSOLUTE)

    Execution Region ER_IROM1 (Base: 0x08000000, Size: 0x0000703c, Max: 0x00080000, ABSOLUTE)

    Base Addr    Size         Type   Attr      Idx    E Section Name        Object

    0x08000000   0x00000130   Data   RO          433    RESET               startup_stm32f10x_hd.o
    0x08000130   0x00000008   Code   RO          553  * !!!main             c_w.l(__main.o)
    0x08000138   0x00000034   Code   RO          844    !!!scatter          c_w.l(__scatter.o)
    0x0800016c   0x0000001a   Code   RO          846    !!handler_copy      c_w.l(__scatter_copy.o)
    0x08000186   0x00000002   PAD
    0x08000188   0x0000001c   Code   RO          848    !!handler_zi        c_w.l(__scatter_zi.o)
    0x080001a4   0x00000000   Code   RO          550    .ARM.Collect$$_printf_percent$$00000000  c_w.l(_printf_percent.o)
    0x080001a4   0x00000006   Code   RO          549    .ARM.Collect$$_printf_percent$$0000000C  c_w.l(_printf_x.o)
    0x080001aa   0x00000004   Code   RO          639    .ARM.Collect$$_printf_percent$$00000017  c_w.l(_printf_percent_end.o)
    0x080001ae   0x00000006   Code   RO          717    .ARM.Collect$$libinit$$00000000  c_w.l(libinit.o)
    0x080001b4   0x00000000   Code   RO          724    .ARM.Collect$$libinit$$00000006  c_w.l(libinit2.o)
    0x080001b4   0x00000000   Code   RO          726    .ARM.Collect$$libinit$$00000008  c_w.l(libinit2.o)
    0x080001b4   0x00000000   Code   RO          728    .ARM.Collect$$libinit$$0000000A  c_w.l(libinit2.o)
    0x080001b4   0x00000000   Code   RO          731    .ARM.Collect$$libinit$$0000000D  c_w.l(libinit2.o)
    0x080001b4   0x00000000   Code   RO          733    .ARM.Collect$$libinit$$0000000F  c_w.l(libinit2.o)
    0x080001b4   0x00000000   Code   RO          735    .ARM.Collect$$libinit$$00000011  c_w.l(libinit2.o)
    0x080001b4   0x00000000   Code   RO          737    .ARM.Collect$$libinit$$00000013  c_w.l(libinit2.o)
    0x080001b4   0x00000000   Code   RO          739    .ARM.Collect$$libinit$$00000015  c_w.l(libinit2.o)
    0x080001b4   0x00000000   Code   RO          741    .ARM.Collect$$libinit$$00000017  c_w.l(libinit2.o)
    0x080001b4   0x00000000   Code   RO          743    .ARM.Collect$$libinit$$00000019  c_w.l(libinit2.o)
    0x080001b4   0x00000000   Code   RO          745    .ARM.Collect$$libinit$$0000001B  c_w.l(libinit2.o)
    0x080001b4   0x00000000   Code   RO          747    .ARM.Collect$$libinit$$0000001D  c_w.l(libinit2.o)
    0x080001b4   0x00000000   Code   RO          749    .ARM.Collect$$libinit$$0000001F  c_w.l(libinit2.o)
    0x080001b4   0x00000000   Code   RO          751    .ARM.Collect$$libinit$$00000021  c_w.l(libinit2.o)
    0x080001b4   0x00000000   Code   RO          755    .ARM.Collect$$libinit$$00000028  c_w.l(libinit2.o)
    0x080001b4   0x00000000   Code   RO          757    .ARM.Collect$$libinit$$0000002A  c_w.l(libinit2.o)
    0x080001b4   0x00000000   Code   RO          759    .ARM.Collect$$libinit$$0000002C  c_w.l(libinit2.o)
    0x080001b4   0x00000000   Code   RO          761    .ARM.Collect$$libinit$$0000002E  c_w.l(libinit2.o)
    0x080001b4   0x00000002   Code   RO          762    .ARM.Collect$$libinit$$0000002F  c_w.l(libinit2.o)
    0x080001b6   0x00000002   Code   RO          788    .ARM.Collect$$libshutdown$$00000000  c_w.l(libshutdown.o)
    0x080001b8   0x00000000   Code   RO          799    .ARM.Collect$$libshutdown$$00000003  c_w.l(libshutdown2.o)
    0x080001b8   0x00000000   Code   RO          802    .ARM.Collect$$libshutdown$$00000006  c_w.l(libshutdown2.o)
    0x080001b8   0x00000000   Code   RO          805    .ARM.Collect$$libshutdown$$00000009  c_w.l(libshutdown2.o)
    0x080001b8   0x00000000   Code   RO          807    .ARM.Collect$$libshutdown$$0000000B  c_w.l(libshutdown2.o)
    0x080001b8   0x00000000   Code   RO          810    .ARM.Collect$$libshutdown$$0000000E  c_w.l(libshutdown2.o)
    0x080001b8   0x00000002   Code   RO          811    .ARM.Collect$$libshutdown$$0000000F  c_w.l(libshutdown2.o)
    0x080001ba   0x00000000   Code   RO          631    .ARM.Collect$$rtentry$$00000000  c_w.l(rtentry.o)
    0x080001ba   0x00000000   Code   RO          670    .ARM.Collect$$rtentry$$00000002  c_w.l(rtentry2.o)
    0x080001ba   0x00000006   Code   RO          685    .ARM.Collect$$rtentry$$00000004  c_w.l(rtentry4.o)
    0x080001c0   0x00000000   Code   RO          672    .ARM.Collect$$rtentry$$00000009  c_w.l(rtentry2.o)
    0x080001c0   0x00000004   Code   RO          673    .ARM.Collect$$rtentry$$0000000A  c_w.l(rtentry2.o)
    0x080001c4   0x00000000   Code   RO          675    .ARM.Collect$$rtentry$$0000000C  c_w.l(rtentry2.o)
    0x080001c4   0x00000008   Code   RO          676    .ARM.Collect$$rtentry$$0000000D  c_w.l(rtentry2.o)
    0x080001cc   0x00000002   Code   RO          720    .ARM.Collect$$rtexit$$00000000  c_w.l(rtexit.o)
    0x080001ce   0x00000000   Code   RO          768    .ARM.Collect$$rtexit$$00000002  c_w.l(rtexit2.o)
    0x080001ce   0x00000004   Code   RO          769    .ARM.Collect$$rtexit$$00000003  c_w.l(rtexit2.o)
    0x080001d2   0x00000006   Code   RO          770    .ARM.Collect$$rtexit$$00000004  c_w.l(rtexit2.o)
    0x080001d8   0x00000668   Code   RO            1    .text               main.o
    0x08000840   0x0000001a   Code   RO          104    .text               stm32f10x_it.o
    0x0800085a   0x00000002   PAD
    0x0800085c   0x000001c8   Code   RO          136    .text               system_stm32f10x.o
    0x08000a24   0x0000009c   Code   RO          154    .text               led.o
    0x08000ac0   0x000000fc   Code   RO          166    .text               key.o
    0x08000bbc   0x000023bc   Code   RO          179    .text               lcd.o
    0x08002f78   0x000002bc   Code   RO          202    .text               myiic.o
    0x08003234   0x0000016c   Code   RO          229    .text               mpu6050.o
    0x080033a0   0x00000278   Code   RO          252    .text               filter.o
    0x08003618   0x00000150   Code   RO          275    .text               pid.o
    0x08003768   0x00000188   Code   RO          313    .text               encoder.o
    0x080038f0   0x000001a4   Code   RO          332    .text               timer.o
    0x08003a94   0x00000358   Code   RO          353    .text               remote.o
    0x08003dec   0x000000c4   Code   RO          371    .text               delay.o
    0x08003eb0   0x0000018c   Code   RO          385    .text               sys.o
    0x0800403c   0x0000013c   Code   RO          397    .text               usart.o
    0x08004178   0x00000040   Code   RO          434    .text               startup_stm32f10x_hd.o
    0x080041b8   0x000000f8   Code   RO          438    .text               misc.o
    0x080042b0   0x00000618   Code   RO          450    .text               stm32f10x_fsmc.o
    0x080048c8   0x00000358   Code   RO          462    .text               stm32f10x_gpio.o
    0x08004c20   0x000003a4   Code   RO          474    .text               stm32f10x_rcc.o
    0x08004fc4   0x0000040c   Code   RO          488    .text               stm32f10x_usart.o
    0x080053d0   0x00000002   Code   RO          502    .text               c_w.l(use_no_semi_2.o)
    0x080053d2   0x00000002   PAD
    0x080053d4   0x00000018   Code   RO          506    .text               c_w.l(noretval__2printf.o)
    0x080053ec   0x0000006a   Code   RO          508    .text               c_w.l(__printf.o)
    0x08005456   0x00000002   PAD
    0x08005458   0x0000005c   Code   RO          513    .text               c_w.l(_printf_hex_int.o)
    0x080054b4   0x00000006   Code   RO          551    .text               c_w.l(heapauxi.o)
    0x080054ba   0x00000002   Code   RO          629    .text               c_w.l(use_no_semi.o)
    0x080054bc   0x000000b4   Code   RO          635    .text               c_w.l(_printf_intcommon.o)
    0x08005570   0x00000024   Code   RO          637    .text               c_w.l(_printf_char_file.o)
    0x08005594   0x00000030   Code   RO          692    .text               c_w.l(_printf_char_common.o)
    0x080055c4   0x00000008   Code   RO          694    .text               c_w.l(ferror.o)
    0x080055cc   0x00000008   Code   RO          702    .text               c_w.l(libspace.o)
    0x080055d4   0x0000004a   Code   RO          705    .text               c_w.l(sys_stackheap_outer.o)
    0x0800561e   0x0000000c   Code   RO          709    .text               c_w.l(exit.o)
    0x0800562a   0x00000002   PAD
    0x0800562c   0x00000008   Code   RO          778    .text               c_w.l(rt_fp_status_addr_intlibspace.o)
    0x08005634   0x00000062   Code   RO          555    x$fpl$d2f           fz_ws.l(d2f.o)
    0x08005696   0x00000002   PAD
    0x08005698   0x00000150   Code   RO          557    x$fpl$dadd          fz_ws.l(daddsub_clz.o)
    0x080057e8   0x000002b0   Code   RO          564    x$fpl$ddiv          fz_ws.l(ddiv.o)
    0x08005a98   0x0000002e   Code   RO          572    x$fpl$dflt          fz_ws.l(dflt_clz.o)
    0x08005ac6   0x00000002   PAD
    0x08005ac8   0x00000154   Code   RO          577    x$fpl$dmul          fz_ws.l(dmul.o)
    0x08005c1c   0x0000009c   Code   RO          642    x$fpl$dnaninf       fz_ws.l(dnaninf.o)
    0x08005cb8   0x0000000c   Code   RO          644    x$fpl$dretinf       fz_ws.l(dretinf.o)
    0x08005cc4   0x000001d4   Code   RO          559    x$fpl$dsub          fz_ws.l(daddsub_clz.o)
    0x08005e98   0x00000056   Code   RO          579    x$fpl$f2d           fz_ws.l(f2d.o)
    0x08005eee   0x00000002   PAD
    0x08005ef0   0x000000c4   Code   RO          581    x$fpl$fadd          fz_ws.l(faddsub_clz.o)
    0x08005fb4   0x00000018   Code   RO          648    x$fpl$fcmpinf       fz_ws.l(fcmpi.o)
    0x08005fcc   0x00000184   Code   RO          588    x$fpl$fdiv          fz_ws.l(fdiv.o)
    0x08006150   0x00000036   Code   RO          591    x$fpl$ffix          fz_ws.l(ffix.o)
    0x08006186   0x00000002   PAD
    0x08006188   0x0000003e   Code   RO          595    x$fpl$ffixu         fz_ws.l(ffixu.o)
    0x080061c6   0x00000002   PAD
    0x080061c8   0x00000030   Code   RO          600    x$fpl$fflt          fz_ws.l(fflt_clz.o)
    0x080061f8   0x00000026   Code   RO          599    x$fpl$ffltu         fz_ws.l(fflt_clz.o)
    0x0800621e   0x00000002   PAD
    0x08006220   0x00000068   Code   RO          605    x$fpl$fleqf         fz_ws.l(fleqf.o)
    0x08006288   0x00000102   Code   RO          607    x$fpl$fmul          fz_ws.l(fmul.o)
    0x0800638a   0x0000008c   Code   RO          650    x$fpl$fnaninf       fz_ws.l(fnaninf.o)
    0x08006416   0x0000000e   Code   RO          763    x$fpl$fpinit        fz_ws.l(fpinit.o)
    0x08006424   0x0000000a   Code   RO          652    x$fpl$fretinf       fz_ws.l(fretinf.o)
    0x0800642e   0x00000062   Code   RO          609    x$fpl$frleqf        fz_ws.l(frleqf.o)
    0x08006490   0x00000014   Code   RO          582    x$fpl$frsb          fz_ws.l(faddsub_clz.o)
    0x080064a4   0x000000ea   Code   RO          583    x$fpl$fsub          fz_ws.l(faddsub_clz.o)
    0x0800658e   0x00000000   Code   RO          662    x$fpl$usenofp       fz_ws.l(usenofp.o)
    0x0800658e   0x00000a64   Data   RO          181    .constdata          lcd.o
    0x08006ff2   0x00000028   Data   RO          514    .constdata          c_w.l(_printf_hex_int.o)
    0x0800701a   0x00000002   PAD
    0x0800701c   0x00000020   Data   RO          842    Region$$Table       anon$$obj.o


    Execution Region RW_IRAM1 (Base: 0x20000000, Size: 0x00000828, Max: 0x00010000, ABSOLUTE)

    Base Addr    Size         Type   Attr      Idx    E Section Name        Object

    0x20000000   0x00000014   Data   RW          137    .data               system_stm32f10x.o
    0x20000014   0x00000001   Data   RW          167    .data               key.o
    0x20000015   0x00000001   PAD
    0x20000016   0x00000004   Data   RW          182    .data               lcd.o
    0x2000001a   0x00000002   PAD
    0x2000001c   0x00000014   Data   RW          230    .data               mpu6050.o
    0x20000030   0x00000050   Data   RW          254    .data               filter.o
    0x20000080   0x0000001d   Data   RW          276    .data               pid.o
    0x2000009d   0x00000003   PAD
    0x200000a0   0x00000008   Data   RW          314    .data               encoder.o
    0x200000a8   0x00000016   Data   RW          354    .data               remote.o
    0x200000be   0x00000004   Data   RW          372    .data               delay.o
    0x200000c2   0x00000002   PAD
    0x200000c4   0x00000008   Data   RW          399    .data               usart.o
    0x200000cc   0x00000014   Data   RW          475    .data               stm32f10x_rcc.o
    0x200000e0   0x0000000a   Zero   RW          180    .bss                lcd.o
    0x200000ea   0x00000002   PAD
    0x200000ec   0x00000010   Zero   RW          253    .bss                filter.o
    0x200000fc   0x000000c8   Zero   RW          398    .bss                usart.o
    0x200001c4   0x00000060   Zero   RW          703    .bss                c_w.l(libspace.o)
    0x20000224   0x00000004   PAD
    0x20000228   0x00000200   Zero   RW          432    HEAP                startup_stm32f10x_hd.o
    0x20000428   0x00000400   Zero   RW          431    STACK               startup_stm32f10x_hd.o


==============================================================================

Image component sizes


      Code (inc. data)   RO Data    RW Data    ZI Data      Debug   Object Name

         0          0          0          0          0         32   core_cm3.o
       196         16          0          4          0        947   delay.o
       392         62          0          8          0       1257   encoder.o
       632         74          0         80         16       1547   filter.o
       252         12          0          1          0        796   key.o
      9148        146       2660          4         10      16268   lcd.o
       156          8          0          0          0        511   led.o
      1640        294          0          0          0     241721   main.o
       248         30          0          0          0       1709   misc.o
       364         36          0         20          0       1688   mpu6050.o
       700         28          0          0          0       1836   myiic.o
       336         64          0         29          0        995   pid.o
       856         70          0         22          0       1619   remote.o
        64         26        304          0       1536        748   startup_stm32f10x_hd.o
      1560         54          0          0          0       5283   stm32f10x_fsmc.o
       856         40          0          0          0       5641   stm32f10x_gpio.o
        26          0          0          0          0       1134   stm32f10x_it.o
       932         52          0         20          0       8772   stm32f10x_rcc.o
      1036         20          0          0          0       8384   stm32f10x_usart.o
       396         54          0          0          0       1596   sys.o
       456         36          0         20          0       1607   system_stm32f10x.o
       420         42          0          0          0       1090   timer.o
       316         22          0          8        200       2926   usart.o

    ----------------------------------------------------------------------
     20984       1186       2996        224       1764     308107   Object Totals
         0          0         32          0          0          0   (incl. Generated)
         2          0          0          8          2          1   (incl. Padding)

    ----------------------------------------------------------------------

      Code (inc. data)   RO Data    RW Data    ZI Data      Debug   Library Member Name

         8          0          0          0          0         68   __main.o
       106          0          0          0          0         84   __printf.o
        52          8          0          0          0          0   __scatter.o
        26          0          0          0          0          0   __scatter_copy.o
        28          0          0          0          0          0   __scatter_zi.o
        48          6          0          0          0         96   _printf_char_common.o
        36          4          0          0          0         80   _printf_char_file.o
        92          4         40          0          0         88   _printf_hex_int.o
       180          0          0          0          0         88   _printf_intcommon.o
         0          0          0          0          0          0   _printf_percent.o
         4          0          0          0          0          0   _printf_percent_end.o
         6          0          0          0          0          0   _printf_x.o
        12          0          0          0          0         68   exit.o
         8          0          0          0          0         68   ferror.o
         6          0          0          0          0        152   heapauxi.o
         6          0          0          0          0          0   libinit.o
         2          0          0          0          0          0   libinit2.o
         2          0          0          0          0          0   libshutdown.o
         2          0          0          0          0          0   libshutdown2.o
         8          4          0          0         96         68   libspace.o
        24          4          0          0          0         84   noretval__2printf.o
         8          4          0          0          0         68   rt_fp_status_addr_intlibspace.o
         0          0          0          0          0          0   rtentry.o
        12          0          0          0          0          0   rtentry2.o
         6          0          0          0          0          0   rtentry4.o
         2          0          0          0          0          0   rtexit.o
        10          0          0          0          0          0   rtexit2.o
        74          0          0          0          0         80   sys_stackheap_outer.o
         2          0          0          0          0         68   use_no_semi.o
         2          0          0          0          0         68   use_no_semi_2.o
        98          4          0          0          0         92   d2f.o
       804         16          0          0          0        280   daddsub_clz.o
       688        140          0          0          0        212   ddiv.o
        46          0          0          0          0         68   dflt_clz.o
       340         12          0          0          0        104   dmul.o
       156          4          0          0          0         92   dnaninf.o
        12          0          0          0          0         68   dretinf.o
        86          4          0          0          0         84   f2d.o
       450          8          0          0          0        236   faddsub_clz.o
        24          0          0          0          0         68   fcmpi.o
       388         76          0          0          0         96   fdiv.o
        54          4          0          0          0         84   ffix.o
        62          4          0          0          0         84   ffixu.o
        86          0          0          0          0        136   fflt_clz.o
       104          4          0          0          0         84   fleqf.o
       258          4          0          0          0         84   fmul.o
       140          4          0          0          0         84   fnaninf.o
        14          0          0          0          0         76   fpinit.o
        10          0          0          0          0         68   fretinf.o
        98          0          0          0          0         68   frleqf.o
         0          0          0          0          0          0   usenofp.o

    ----------------------------------------------------------------------
      4710        318         42          0        100       3396   Library Totals
        20          0          2          0          4          0   (incl. Padding)

    ----------------------------------------------------------------------

      Code (inc. data)   RO Data    RW Data    ZI Data      Debug   Library Name

       772         34         40          0         96       1228   c_w.l
      3918        284          0          0          0       2168   fz_ws.l

    ----------------------------------------------------------------------
      4710        318         42          0        100       3396   Library Totals

    ----------------------------------------------------------------------

==============================================================================


      Code (inc. data)   RO Data    RW Data    ZI Data      Debug   

     25694       1504       3038        224       1864     307656   Grand Totals
     25694       1504       3038        224       1864     307656   ELF Image Totals
     25694       1504       3038        224          0          0   ROM Totals

==============================================================================

    Total RO  Size (Code + RO Data)                28732 (  28.06kB)
    Total RW  Size (RW Data + ZI Data)              2088 (   2.04kB)
    Total ROM Size (Code + RO Data + RW Data)      28956 (  28.28kB)

==============================================================================

